Archive member included to satisfy reference by file (symbol)

/usr/lib/gcc/arm-none-eabi/10.3.1/../../../arm-none-eabi/lib/thumb/v7e-m/nofp/libc.a(lib_a-atexit.o)
                              /usr/lib/gcc/arm-none-eabi/10.3.1/../../../arm-none-eabi/lib/thumb/v7e-m/nofp/crt0.o (atexit)
/usr/lib/gcc/arm-none-eabi/10.3.1/../../../arm-none-eabi/lib/thumb/v7e-m/nofp/libc.a(lib_a-exit.o)
                              /usr/lib/gcc/arm-none-eabi/10.3.1/../../../arm-none-eabi/lib/thumb/v7e-m/nofp/crt0.o (exit)
/usr/lib/gcc/arm-none-eabi/10.3.1/../../../arm-none-eabi/lib/thumb/v7e-m/nofp/libc.a(lib_a-fini.o)
                              /usr/lib/gcc/arm-none-eabi/10.3.1/../../../arm-none-eabi/lib/thumb/v7e-m/nofp/crt0.o (__libc_fini_array)
/usr/lib/gcc/arm-none-eabi/10.3.1/../../../arm-none-eabi/lib/thumb/v7e-m/nofp/libc.a(lib_a-impure.o)
                              /usr/lib/gcc/arm-none-eabi/10.3.1/../../../arm-none-eabi/lib/thumb/v7e-m/nofp/libc.a(lib_a-exit.o) (_global_impure_ptr)
/usr/lib/gcc/arm-none-eabi/10.3.1/../../../arm-none-eabi/lib/thumb/v7e-m/nofp/libc.a(lib_a-init.o)
                              /usr/lib/gcc/arm-none-eabi/10.3.1/../../../arm-none-eabi/lib/thumb/v7e-m/nofp/crt0.o (__libc_init_array)
/usr/lib/gcc/arm-none-eabi/10.3.1/../../../arm-none-eabi/lib/thumb/v7e-m/nofp/libc.a(lib_a-memcpy.o)
                              build/main.o (memcpy)
/usr/lib/gcc/arm-none-eabi/10.3.1/../../../arm-none-eabi/lib/thumb/v7e-m/nofp/libc.a(lib_a-memset.o)
                              /usr/lib/gcc/arm-none-eabi/10.3.1/../../../arm-none-eabi/lib/thumb/v7e-m/nofp/crt0.o (memset)
/usr/lib/gcc/arm-none-eabi/10.3.1/../../../arm-none-eabi/lib/thumb/v7e-m/nofp/libc.a(lib_a-__atexit.o)
                              /usr/lib/gcc/arm-none-eabi/10.3.1/../../../arm-none-eabi/lib/thumb/v7e-m/nofp/libc.a(lib_a-atexit.o) (__register_exitproc)
/usr/lib/gcc/arm-none-eabi/10.3.1/../../../arm-none-eabi/lib/thumb/v7e-m/nofp/libc.a(lib_a-__call_atexit.o)
                              /usr/lib/gcc/arm-none-eabi/10.3.1/../../../arm-none-eabi/lib/thumb/v7e-m/nofp/libc.a(lib_a-exit.o) (__call_exitprocs)
/usr/lib/gcc/arm-none-eabi/10.3.1/../../../arm-none-eabi/lib/thumb/v7e-m/nofp/libnosys.a(_exit.o)
                              /usr/lib/gcc/arm-none-eabi/10.3.1/../../../arm-none-eabi/lib/thumb/v7e-m/nofp/libc.a(lib_a-exit.o) (_exit)

Discarded input sections

 .text          0x0000000000000000        0x0 /usr/lib/gcc/arm-none-eabi/10.3.1/thumb/v7e-m/nofp/crti.o
 .data          0x0000000000000000        0x0 /usr/lib/gcc/arm-none-eabi/10.3.1/thumb/v7e-m/nofp/crti.o
 .bss           0x0000000000000000        0x0 /usr/lib/gcc/arm-none-eabi/10.3.1/thumb/v7e-m/nofp/crti.o
 .data          0x0000000000000000        0x4 /usr/lib/gcc/arm-none-eabi/10.3.1/thumb/v7e-m/nofp/crtbegin.o
 .rodata        0x0000000000000000       0x24 /usr/lib/gcc/arm-none-eabi/10.3.1/thumb/v7e-m/nofp/crtbegin.o
 .text          0x0000000000000000       0x70 /usr/lib/gcc/arm-none-eabi/10.3.1/../../../arm-none-eabi/lib/thumb/v7e-m/nofp/crt0.o
 .data          0x0000000000000000        0x0 /usr/lib/gcc/arm-none-eabi/10.3.1/../../../arm-none-eabi/lib/thumb/v7e-m/nofp/crt0.o
 .bss           0x0000000000000000        0x0 /usr/lib/gcc/arm-none-eabi/10.3.1/../../../arm-none-eabi/lib/thumb/v7e-m/nofp/crt0.o
 .ARM.extab     0x0000000000000000        0x0 /usr/lib/gcc/arm-none-eabi/10.3.1/../../../arm-none-eabi/lib/thumb/v7e-m/nofp/crt0.o
 .ARM.exidx     0x0000000000000000       0x10 /usr/lib/gcc/arm-none-eabi/10.3.1/../../../arm-none-eabi/lib/thumb/v7e-m/nofp/crt0.o
 .debug_line    0x0000000000000000       0x87 /usr/lib/gcc/arm-none-eabi/10.3.1/../../../arm-none-eabi/lib/thumb/v7e-m/nofp/crt0.o
 .debug_info    0x0000000000000000       0x26 /usr/lib/gcc/arm-none-eabi/10.3.1/../../../arm-none-eabi/lib/thumb/v7e-m/nofp/crt0.o
 .debug_abbrev  0x0000000000000000       0x14 /usr/lib/gcc/arm-none-eabi/10.3.1/../../../arm-none-eabi/lib/thumb/v7e-m/nofp/crt0.o
 .debug_aranges
                0x0000000000000000       0x20 /usr/lib/gcc/arm-none-eabi/10.3.1/../../../arm-none-eabi/lib/thumb/v7e-m/nofp/crt0.o
 .debug_str     0x0000000000000000       0x95 /usr/lib/gcc/arm-none-eabi/10.3.1/../../../arm-none-eabi/lib/thumb/v7e-m/nofp/crt0.o
 .ARM.attributes
                0x0000000000000000       0x1c /usr/lib/gcc/arm-none-eabi/10.3.1/../../../arm-none-eabi/lib/thumb/v7e-m/nofp/crt0.o
 .group         0x0000000000000000        0xc build/main.o
 .group         0x0000000000000000        0xc build/main.o
 .group         0x0000000000000000        0xc build/main.o
 .group         0x0000000000000000        0xc build/main.o
 .group         0x0000000000000000        0xc build/main.o
 .group         0x0000000000000000        0xc build/main.o
 .group         0x0000000000000000        0xc build/main.o
 .group         0x0000000000000000        0xc build/main.o
 .group         0x0000000000000000        0xc build/main.o
 .group         0x0000000000000000        0xc build/main.o
 .group         0x0000000000000000        0xc build/main.o
 .group         0x0000000000000000        0xc build/main.o
 .group         0x0000000000000000        0xc build/main.o
 .group         0x0000000000000000        0xc build/main.o
 .group         0x0000000000000000        0xc build/main.o
 .group         0x0000000000000000        0xc build/main.o
 .group         0x0000000000000000        0xc build/main.o
 .group         0x0000000000000000        0xc build/main.o
 .group         0x0000000000000000        0xc build/main.o
 .group         0x0000000000000000        0xc build/main.o
 .group         0x0000000000000000        0xc build/main.o
 .group         0x0000000000000000        0xc build/main.o
 .group         0x0000000000000000        0xc build/main.o
 .group         0x0000000000000000        0xc build/main.o
 .group         0x0000000000000000        0xc build/main.o
 .group         0x0000000000000000        0xc build/main.o
 .group         0x0000000000000000        0xc build/main.o
 .group         0x0000000000000000        0xc build/main.o
 .group         0x0000000000000000        0xc build/main.o
 .group         0x0000000000000000        0xc build/main.o
 .group         0x0000000000000000        0xc build/main.o
 .group         0x0000000000000000        0xc build/main.o
 .group         0x0000000000000000        0xc build/main.o
 .group         0x0000000000000000        0xc build/main.o
 .group         0x0000000000000000        0xc build/main.o
 .group         0x0000000000000000        0xc build/main.o
 .group         0x0000000000000000        0xc build/main.o
 .group         0x0000000000000000        0xc build/main.o
 .group         0x0000000000000000        0xc build/main.o
 .group         0x0000000000000000        0xc build/main.o
 .group         0x0000000000000000        0xc build/main.o
 .group         0x0000000000000000        0xc build/main.o
 .group         0x0000000000000000        0xc build/main.o
 .group         0x0000000000000000        0xc build/main.o
 .group         0x0000000000000000        0xc build/main.o
 .group         0x0000000000000000        0xc build/main.o
 .group         0x0000000000000000        0xc build/main.o
 .group         0x0000000000000000        0xc build/main.o
 .group         0x0000000000000000        0xc build/main.o
 .group         0x0000000000000000        0xc build/main.o
 .group         0x0000000000000000        0xc build/main.o
 .text          0x0000000000000000        0x0 build/main.o
 .data          0x0000000000000000        0x0 build/main.o
 .bss           0x0000000000000000        0x0 build/main.o
 .rodata.font8x8
                0x0000000000000000      0x400 build/main.o
 .group         0x0000000000000000        0xc build/rcc.o
 .group         0x0000000000000000        0xc build/rcc.o
 .group         0x0000000000000000        0xc build/rcc.o
 .group         0x0000000000000000        0xc build/rcc.o
 .group         0x0000000000000000        0xc build/rcc.o
 .group         0x0000000000000000        0xc build/rcc.o
 .group         0x0000000000000000        0xc build/rcc.o
 .group         0x0000000000000000        0xc build/rcc.o
 .group         0x0000000000000000        0xc build/rcc.o
 .group         0x0000000000000000        0xc build/rcc.o
 .group         0x0000000000000000        0xc build/rcc.o
 .group         0x0000000000000000        0xc build/rcc.o
 .group         0x0000000000000000        0xc build/rcc.o
 .group         0x0000000000000000        0xc build/rcc.o
 .group         0x0000000000000000        0xc build/rcc.o
 .group         0x0000000000000000        0xc build/rcc.o
 .group         0x0000000000000000        0xc build/rcc.o
 .group         0x0000000000000000        0xc build/rcc.o
 .group         0x0000000000000000        0xc build/rcc.o
 .group         0x0000000000000000        0xc build/rcc.o
 .group         0x0000000000000000        0xc build/rcc.o
 .group         0x0000000000000000        0xc build/rcc.o
 .group         0x0000000000000000        0xc build/rcc.o
 .group         0x0000000000000000        0xc build/rcc.o
 .group         0x0000000000000000        0xc build/rcc.o
 .group         0x0000000000000000        0xc build/rcc.o
 .group         0x0000000000000000        0xc build/rcc.o
 .group         0x0000000000000000        0xc build/rcc.o
 .group         0x0000000000000000        0xc build/rcc.o
 .group         0x0000000000000000        0xc build/rcc.o
 .group         0x0000000000000000        0xc build/rcc.o
 .group         0x0000000000000000        0xc build/rcc.o
 .group         0x0000000000000000        0xc build/rcc.o
 .group         0x0000000000000000        0xc build/rcc.o
 .group         0x0000000000000000        0xc build/rcc.o
 .group         0x0000000000000000        0xc build/rcc.o
 .group         0x0000000000000000        0xc build/rcc.o
 .group         0x0000000000000000        0xc build/rcc.o
 .group         0x0000000000000000        0xc build/rcc.o
 .group         0x0000000000000000        0xc build/rcc.o
 .group         0x0000000000000000        0xc build/rcc.o
 .group         0x0000000000000000        0xc build/rcc.o
 .group         0x0000000000000000        0xc build/rcc.o
 .group         0x0000000000000000        0xc build/rcc.o
 .group         0x0000000000000000        0xc build/rcc.o
 .group         0x0000000000000000        0xc build/rcc.o
 .group         0x0000000000000000        0xc build/rcc.o
 .group         0x0000000000000000        0xc build/rcc.o
 .group         0x0000000000000000        0xc build/rcc.o
 .group         0x0000000000000000        0xc build/rcc.o
 .group         0x0000000000000000        0xc build/rcc.o
 .text          0x0000000000000000        0x0 build/rcc.o
 .data          0x0000000000000000        0x0 build/rcc.o
 .bss           0x0000000000000000        0x0 build/rcc.o
 .rodata.font8x8
                0x0000000000000000      0x400 build/rcc.o
 .text.SystemClock_HSI_8MHz
                0x0000000000000000       0x50 build/rcc.o
 .text.SystemClock_HSE_8MHz
                0x0000000000000000       0x54 build/rcc.o
 .debug_macro   0x0000000000000000      0xa60 build/rcc.o
 .debug_macro   0x0000000000000000       0x10 build/rcc.o
 .debug_macro   0x0000000000000000       0x22 build/rcc.o
 .debug_macro   0x0000000000000000       0x46 build/rcc.o
 .debug_macro   0x0000000000000000       0x18 build/rcc.o
 .debug_macro   0x0000000000000000       0x94 build/rcc.o
 .debug_macro   0x0000000000000000       0x3c build/rcc.o
 .debug_macro   0x0000000000000000       0x34 build/rcc.o
 .debug_macro   0x0000000000000000      0x174 build/rcc.o
 .debug_macro   0x0000000000000000       0x16 build/rcc.o
 .debug_macro   0x0000000000000000       0x43 build/rcc.o
 .debug_macro   0x0000000000000000       0x57 build/rcc.o
 .debug_macro   0x0000000000000000       0x34 build/rcc.o
 .debug_macro   0x0000000000000000       0x10 build/rcc.o
 .debug_macro   0x0000000000000000       0x52 build/rcc.o
 .debug_macro   0x0000000000000000       0x71 build/rcc.o
 .debug_macro   0x0000000000000000       0x1c build/rcc.o
 .debug_macro   0x0000000000000000      0x12a build/rcc.o
 .debug_macro   0x0000000000000000      0x333 build/rcc.o
 .debug_macro   0x0000000000000000       0x10 build/rcc.o
 .debug_macro   0x0000000000000000       0x35 build/rcc.o
 .debug_macro   0x0000000000000000      0x34e build/rcc.o
 .debug_macro   0x0000000000000000       0x1c build/rcc.o
 .debug_macro   0x0000000000000000       0x10 build/rcc.o
 .debug_macro   0x0000000000000000       0x10 build/rcc.o
 .debug_macro   0x0000000000000000       0x6a build/rcc.o
 .debug_macro   0x0000000000000000       0x1c build/rcc.o
 .debug_macro   0x0000000000000000       0x52 build/rcc.o
 .debug_macro   0x0000000000000000       0x22 build/rcc.o
 .debug_macro   0x0000000000000000       0x10 build/rcc.o
 .debug_macro   0x0000000000000000       0x40 build/rcc.o
 .debug_macro   0x0000000000000000       0xd5 build/rcc.o
 .debug_macro   0x0000000000000000       0x1c build/rcc.o
 .debug_macro   0x0000000000000000       0x3d build/rcc.o
 .debug_macro   0x0000000000000000       0x16 build/rcc.o
 .debug_macro   0x0000000000000000      0x145 build/rcc.o
 .debug_macro   0x0000000000000000       0x16 build/rcc.o
 .debug_macro   0x0000000000000000       0x16 build/rcc.o
 .debug_macro   0x0000000000000000       0x29 build/rcc.o
 .debug_macro   0x0000000000000000       0x2e build/rcc.o
 .debug_macro   0x0000000000000000       0x28 build/rcc.o
 .debug_macro   0x0000000000000000       0x1c build/rcc.o
 .debug_macro   0x0000000000000000       0x22 build/rcc.o
 .debug_macro   0x0000000000000000       0xd9 build/rcc.o
 .debug_macro   0x0000000000000000     0x102d build/rcc.o
 .debug_macro   0x0000000000000000      0x11f build/rcc.o
 .debug_macro   0x0000000000000000    0x12a3a build/rcc.o
 .debug_macro   0x0000000000000000       0x6d build/rcc.o
 .debug_macro   0x0000000000000000       0x16 build/rcc.o
 .debug_macro   0x0000000000000000       0x22 build/rcc.o
 .debug_macro   0x0000000000000000       0x28 build/rcc.o
 .group         0x0000000000000000        0xc build/spi.o
 .group         0x0000000000000000        0xc build/spi.o
 .group         0x0000000000000000        0xc build/spi.o
 .group         0x0000000000000000        0xc build/spi.o
 .group         0x0000000000000000        0xc build/spi.o
 .group         0x0000000000000000        0xc build/spi.o
 .group         0x0000000000000000        0xc build/spi.o
 .group         0x0000000000000000        0xc build/spi.o
 .group         0x0000000000000000        0xc build/spi.o
 .group         0x0000000000000000        0xc build/spi.o
 .group         0x0000000000000000        0xc build/spi.o
 .group         0x0000000000000000        0xc build/spi.o
 .group         0x0000000000000000        0xc build/spi.o
 .group         0x0000000000000000        0xc build/spi.o
 .group         0x0000000000000000        0xc build/spi.o
 .group         0x0000000000000000        0xc build/spi.o
 .group         0x0000000000000000        0xc build/spi.o
 .group         0x0000000000000000        0xc build/spi.o
 .group         0x0000000000000000        0xc build/spi.o
 .group         0x0000000000000000        0xc build/spi.o
 .group         0x0000000000000000        0xc build/spi.o
 .group         0x0000000000000000        0xc build/spi.o
 .group         0x0000000000000000        0xc build/spi.o
 .group         0x0000000000000000        0xc build/spi.o
 .group         0x0000000000000000        0xc build/spi.o
 .group         0x0000000000000000        0xc build/spi.o
 .group         0x0000000000000000        0xc build/spi.o
 .group         0x0000000000000000        0xc build/spi.o
 .group         0x0000000000000000        0xc build/spi.o
 .group         0x0000000000000000        0xc build/spi.o
 .group         0x0000000000000000        0xc build/spi.o
 .group         0x0000000000000000        0xc build/spi.o
 .group         0x0000000000000000        0xc build/spi.o
 .group         0x0000000000000000        0xc build/spi.o
 .group         0x0000000000000000        0xc build/spi.o
 .group         0x0000000000000000        0xc build/spi.o
 .group         0x0000000000000000        0xc build/spi.o
 .group         0x0000000000000000        0xc build/spi.o
 .group         0x0000000000000000        0xc build/spi.o
 .group         0x0000000000000000        0xc build/spi.o
 .group         0x0000000000000000        0xc build/spi.o
 .group         0x0000000000000000        0xc build/spi.o
 .group         0x0000000000000000        0xc build/spi.o
 .group         0x0000000000000000        0xc build/spi.o
 .group         0x0000000000000000        0xc build/spi.o
 .group         0x0000000000000000        0xc build/spi.o
 .group         0x0000000000000000        0xc build/spi.o
 .group         0x0000000000000000        0xc build/spi.o
 .group         0x0000000000000000        0xc build/spi.o
 .group         0x0000000000000000        0xc build/spi.o
 .group         0x0000000000000000        0xc build/spi.o
 .text          0x0000000000000000        0x0 build/spi.o
 .data          0x0000000000000000        0x0 build/spi.o
 .bss           0x0000000000000000        0x0 build/spi.o
 .rodata.font8x8
                0x0000000000000000      0x400 build/spi.o
 .debug_macro   0x0000000000000000      0xa60 build/spi.o
 .debug_macro   0x0000000000000000       0x10 build/spi.o
 .debug_macro   0x0000000000000000       0x22 build/spi.o
 .debug_macro   0x0000000000000000       0x46 build/spi.o
 .debug_macro   0x0000000000000000       0x18 build/spi.o
 .debug_macro   0x0000000000000000       0x94 build/spi.o
 .debug_macro   0x0000000000000000       0x3c build/spi.o
 .debug_macro   0x0000000000000000       0x34 build/spi.o
 .debug_macro   0x0000000000000000      0x174 build/spi.o
 .debug_macro   0x0000000000000000       0x16 build/spi.o
 .debug_macro   0x0000000000000000       0x43 build/spi.o
 .debug_macro   0x0000000000000000       0x57 build/spi.o
 .debug_macro   0x0000000000000000       0x34 build/spi.o
 .debug_macro   0x0000000000000000       0x10 build/spi.o
 .debug_macro   0x0000000000000000       0x52 build/spi.o
 .debug_macro   0x0000000000000000       0x71 build/spi.o
 .debug_macro   0x0000000000000000       0x1c build/spi.o
 .debug_macro   0x0000000000000000      0x12a build/spi.o
 .debug_macro   0x0000000000000000      0x333 build/spi.o
 .debug_macro   0x0000000000000000       0x10 build/spi.o
 .debug_macro   0x0000000000000000       0x35 build/spi.o
 .debug_macro   0x0000000000000000      0x34e build/spi.o
 .debug_macro   0x0000000000000000       0x1c build/spi.o
 .debug_macro   0x0000000000000000       0x10 build/spi.o
 .debug_macro   0x0000000000000000       0x10 build/spi.o
 .debug_macro   0x0000000000000000       0x6a build/spi.o
 .debug_macro   0x0000000000000000       0x1c build/spi.o
 .debug_macro   0x0000000000000000       0x52 build/spi.o
 .debug_macro   0x0000000000000000       0x22 build/spi.o
 .debug_macro   0x0000000000000000       0x10 build/spi.o
 .debug_macro   0x0000000000000000       0x40 build/spi.o
 .debug_macro   0x0000000000000000       0xd5 build/spi.o
 .debug_macro   0x0000000000000000       0x1c build/spi.o
 .debug_macro   0x0000000000000000       0x3d build/spi.o
 .debug_macro   0x0000000000000000       0x16 build/spi.o
 .debug_macro   0x0000000000000000      0x145 build/spi.o
 .debug_macro   0x0000000000000000       0x16 build/spi.o
 .debug_macro   0x0000000000000000       0x16 build/spi.o
 .debug_macro   0x0000000000000000       0x29 build/spi.o
 .debug_macro   0x0000000000000000       0x2e build/spi.o
 .debug_macro   0x0000000000000000       0x28 build/spi.o
 .debug_macro   0x0000000000000000       0x1c build/spi.o
 .debug_macro   0x0000000000000000       0x22 build/spi.o
 .debug_macro   0x0000000000000000       0xd9 build/spi.o
 .debug_macro   0x0000000000000000     0x102d build/spi.o
 .debug_macro   0x0000000000000000      0x11f build/spi.o
 .debug_macro   0x0000000000000000    0x12a3a build/spi.o
 .debug_macro   0x0000000000000000       0x6d build/spi.o
 .debug_macro   0x0000000000000000       0x16 build/spi.o
 .debug_macro   0x0000000000000000       0x28 build/spi.o
 .group         0x0000000000000000        0xc build/st7735.o
 .group         0x0000000000000000        0xc build/st7735.o
 .group         0x0000000000000000        0xc build/st7735.o
 .group         0x0000000000000000        0xc build/st7735.o
 .group         0x0000000000000000        0xc build/st7735.o
 .group         0x0000000000000000        0xc build/st7735.o
 .group         0x0000000000000000        0xc build/st7735.o
 .group         0x0000000000000000        0xc build/st7735.o
 .group         0x0000000000000000        0xc build/st7735.o
 .group         0x0000000000000000        0xc build/st7735.o
 .group         0x0000000000000000        0xc build/st7735.o
 .group         0x0000000000000000        0xc build/st7735.o
 .group         0x0000000000000000        0xc build/st7735.o
 .group         0x0000000000000000        0xc build/st7735.o
 .group         0x0000000000000000        0xc build/st7735.o
 .group         0x0000000000000000        0xc build/st7735.o
 .group         0x0000000000000000        0xc build/st7735.o
 .group         0x0000000000000000        0xc build/st7735.o
 .group         0x0000000000000000        0xc build/st7735.o
 .group         0x0000000000000000        0xc build/st7735.o
 .group         0x0000000000000000        0xc build/st7735.o
 .group         0x0000000000000000        0xc build/st7735.o
 .group         0x0000000000000000        0xc build/st7735.o
 .group         0x0000000000000000        0xc build/st7735.o
 .group         0x0000000000000000        0xc build/st7735.o
 .group         0x0000000000000000        0xc build/st7735.o
 .group         0x0000000000000000        0xc build/st7735.o
 .group         0x0000000000000000        0xc build/st7735.o
 .group         0x0000000000000000        0xc build/st7735.o
 .group         0x0000000000000000        0xc build/st7735.o
 .group         0x0000000000000000        0xc build/st7735.o
 .group         0x0000000000000000        0xc build/st7735.o
 .group         0x0000000000000000        0xc build/st7735.o
 .group         0x0000000000000000        0xc build/st7735.o
 .group         0x0000000000000000        0xc build/st7735.o
 .group         0x0000000000000000        0xc build/st7735.o
 .group         0x0000000000000000        0xc build/st7735.o
 .group         0x0000000000000000        0xc build/st7735.o
 .group         0x0000000000000000        0xc build/st7735.o
 .group         0x0000000000000000        0xc build/st7735.o
 .group         0x0000000000000000        0xc build/st7735.o
 .group         0x0000000000000000        0xc build/st7735.o
 .group         0x0000000000000000        0xc build/st7735.o
 .group         0x0000000000000000        0xc build/st7735.o
 .group         0x0000000000000000        0xc build/st7735.o
 .group         0x0000000000000000        0xc build/st7735.o
 .group         0x0000000000000000        0xc build/st7735.o
 .group         0x0000000000000000        0xc build/st7735.o
 .group         0x0000000000000000        0xc build/st7735.o
 .group         0x0000000000000000        0xc build/st7735.o
 .group         0x0000000000000000        0xc build/st7735.o
 .text          0x0000000000000000        0x0 build/st7735.o
 .data          0x0000000000000000        0x0 build/st7735.o
 .bss           0x0000000000000000        0x0 build/st7735.o
 .debug_macro   0x0000000000000000      0xa60 build/st7735.o
 .debug_macro   0x0000000000000000       0x10 build/st7735.o
 .debug_macro   0x0000000000000000       0x22 build/st7735.o
 .debug_macro   0x0000000000000000       0x46 build/st7735.o
 .debug_macro   0x0000000000000000       0x18 build/st7735.o
 .debug_macro   0x0000000000000000       0x94 build/st7735.o
 .debug_macro   0x0000000000000000       0x3c build/st7735.o
 .debug_macro   0x0000000000000000       0x34 build/st7735.o
 .debug_macro   0x0000000000000000      0x174 build/st7735.o
 .debug_macro   0x0000000000000000       0x16 build/st7735.o
 .debug_macro   0x0000000000000000       0x43 build/st7735.o
 .debug_macro   0x0000000000000000       0x57 build/st7735.o
 .debug_macro   0x0000000000000000       0x34 build/st7735.o
 .debug_macro   0x0000000000000000       0x10 build/st7735.o
 .debug_macro   0x0000000000000000       0x52 build/st7735.o
 .debug_macro   0x0000000000000000       0x71 build/st7735.o
 .debug_macro   0x0000000000000000       0x1c build/st7735.o
 .debug_macro   0x0000000000000000      0x12a build/st7735.o
 .debug_macro   0x0000000000000000      0x333 build/st7735.o
 .debug_macro   0x0000000000000000       0x10 build/st7735.o
 .debug_macro   0x0000000000000000       0x35 build/st7735.o
 .debug_macro   0x0000000000000000      0x34e build/st7735.o
 .debug_macro   0x0000000000000000       0x1c build/st7735.o
 .debug_macro   0x0000000000000000       0x10 build/st7735.o
 .debug_macro   0x0000000000000000       0x10 build/st7735.o
 .debug_macro   0x0000000000000000       0x6a build/st7735.o
 .debug_macro   0x0000000000000000       0x1c build/st7735.o
 .debug_macro   0x0000000000000000       0x52 build/st7735.o
 .debug_macro   0x0000000000000000       0x22 build/st7735.o
 .debug_macro   0x0000000000000000       0x10 build/st7735.o
 .debug_macro   0x0000000000000000       0x40 build/st7735.o
 .debug_macro   0x0000000000000000       0xd5 build/st7735.o
 .debug_macro   0x0000000000000000       0x1c build/st7735.o
 .debug_macro   0x0000000000000000       0x3d build/st7735.o
 .debug_macro   0x0000000000000000       0x16 build/st7735.o
 .debug_macro   0x0000000000000000      0x145 build/st7735.o
 .debug_macro   0x0000000000000000       0x16 build/st7735.o
 .debug_macro   0x0000000000000000       0x16 build/st7735.o
 .debug_macro   0x0000000000000000       0x29 build/st7735.o
 .debug_macro   0x0000000000000000       0x2e build/st7735.o
 .debug_macro   0x0000000000000000       0x28 build/st7735.o
 .debug_macro   0x0000000000000000       0x1c build/st7735.o
 .debug_macro   0x0000000000000000       0x22 build/st7735.o
 .debug_macro   0x0000000000000000       0xd9 build/st7735.o
 .debug_macro   0x0000000000000000     0x102d build/st7735.o
 .debug_macro   0x0000000000000000      0x11f build/st7735.o
 .debug_macro   0x0000000000000000    0x12a3a build/st7735.o
 .debug_macro   0x0000000000000000       0x6d build/st7735.o
 .debug_macro   0x0000000000000000       0x16 build/st7735.o
 .debug_macro   0x0000000000000000       0x22 build/st7735.o
 .group         0x0000000000000000        0xc build/timer.o
 .group         0x0000000000000000        0xc build/timer.o
 .group         0x0000000000000000        0xc build/timer.o
 .group         0x0000000000000000        0xc build/timer.o
 .group         0x0000000000000000        0xc build/timer.o
 .group         0x0000000000000000        0xc build/timer.o
 .group         0x0000000000000000        0xc build/timer.o
 .group         0x0000000000000000        0xc build/timer.o
 .group         0x0000000000000000        0xc build/timer.o
 .group         0x0000000000000000        0xc build/timer.o
 .group         0x0000000000000000        0xc build/timer.o
 .group         0x0000000000000000        0xc build/timer.o
 .group         0x0000000000000000        0xc build/timer.o
 .group         0x0000000000000000        0xc build/timer.o
 .group         0x0000000000000000        0xc build/timer.o
 .group         0x0000000000000000        0xc build/timer.o
 .group         0x0000000000000000        0xc build/timer.o
 .group         0x0000000000000000        0xc build/timer.o
 .group         0x0000000000000000        0xc build/timer.o
 .group         0x0000000000000000        0xc build/timer.o
 .group         0x0000000000000000        0xc build/timer.o
 .group         0x0000000000000000        0xc build/timer.o
 .group         0x0000000000000000        0xc build/timer.o
 .group         0x0000000000000000        0xc build/timer.o
 .group         0x0000000000000000        0xc build/timer.o
 .group         0x0000000000000000        0xc build/timer.o
 .group         0x0000000000000000        0xc build/timer.o
 .group         0x0000000000000000        0xc build/timer.o
 .group         0x0000000000000000        0xc build/timer.o
 .group         0x0000000000000000        0xc build/timer.o
 .group         0x0000000000000000        0xc build/timer.o
 .group         0x0000000000000000        0xc build/timer.o
 .group         0x0000000000000000        0xc build/timer.o
 .group         0x0000000000000000        0xc build/timer.o
 .group         0x0000000000000000        0xc build/timer.o
 .group         0x0000000000000000        0xc build/timer.o
 .group         0x0000000000000000        0xc build/timer.o
 .group         0x0000000000000000        0xc build/timer.o
 .group         0x0000000000000000        0xc build/timer.o
 .group         0x0000000000000000        0xc build/timer.o
 .group         0x0000000000000000        0xc build/timer.o
 .group         0x0000000000000000        0xc build/timer.o
 .group         0x0000000000000000        0xc build/timer.o
 .group         0x0000000000000000        0xc build/timer.o
 .group         0x0000000000000000        0xc build/timer.o
 .group         0x0000000000000000        0xc build/timer.o
 .group         0x0000000000000000        0xc build/timer.o
 .group         0x0000000000000000        0xc build/timer.o
 .group         0x0000000000000000        0xc build/timer.o
 .group         0x0000000000000000        0xc build/timer.o
 .group         0x0000000000000000        0xc build/timer.o
 .text          0x0000000000000000        0x0 build/timer.o
 .data          0x0000000000000000        0x0 build/timer.o
 .bss           0x0000000000000000        0x0 build/timer.o
 .rodata.font8x8
                0x0000000000000000      0x400 build/timer.o
 .text._delay_us
                0x0000000000000000       0x22 build/timer.o
 .debug_macro   0x0000000000000000      0xa60 build/timer.o
 .debug_macro   0x0000000000000000       0x10 build/timer.o
 .debug_macro   0x0000000000000000       0x22 build/timer.o
 .debug_macro   0x0000000000000000       0x46 build/timer.o
 .debug_macro   0x0000000000000000       0x18 build/timer.o
 .debug_macro   0x0000000000000000       0x94 build/timer.o
 .debug_macro   0x0000000000000000       0x3c build/timer.o
 .debug_macro   0x0000000000000000       0x34 build/timer.o
 .debug_macro   0x0000000000000000      0x174 build/timer.o
 .debug_macro   0x0000000000000000       0x16 build/timer.o
 .debug_macro   0x0000000000000000       0x43 build/timer.o
 .debug_macro   0x0000000000000000       0x57 build/timer.o
 .debug_macro   0x0000000000000000       0x34 build/timer.o
 .debug_macro   0x0000000000000000       0x10 build/timer.o
 .debug_macro   0x0000000000000000       0x52 build/timer.o
 .debug_macro   0x0000000000000000       0x71 build/timer.o
 .debug_macro   0x0000000000000000       0x1c build/timer.o
 .debug_macro   0x0000000000000000      0x12a build/timer.o
 .debug_macro   0x0000000000000000      0x333 build/timer.o
 .debug_macro   0x0000000000000000       0x10 build/timer.o
 .debug_macro   0x0000000000000000       0x35 build/timer.o
 .debug_macro   0x0000000000000000      0x34e build/timer.o
 .debug_macro   0x0000000000000000       0x1c build/timer.o
 .debug_macro   0x0000000000000000       0x10 build/timer.o
 .debug_macro   0x0000000000000000       0x10 build/timer.o
 .debug_macro   0x0000000000000000       0x6a build/timer.o
 .debug_macro   0x0000000000000000       0x1c build/timer.o
 .debug_macro   0x0000000000000000       0x52 build/timer.o
 .debug_macro   0x0000000000000000       0x22 build/timer.o
 .debug_macro   0x0000000000000000       0x10 build/timer.o
 .debug_macro   0x0000000000000000       0x40 build/timer.o
 .debug_macro   0x0000000000000000       0xd5 build/timer.o
 .debug_macro   0x0000000000000000       0x1c build/timer.o
 .debug_macro   0x0000000000000000       0x3d build/timer.o
 .debug_macro   0x0000000000000000       0x16 build/timer.o
 .debug_macro   0x0000000000000000      0x145 build/timer.o
 .debug_macro   0x0000000000000000       0x16 build/timer.o
 .debug_macro   0x0000000000000000       0x16 build/timer.o
 .debug_macro   0x0000000000000000       0x29 build/timer.o
 .debug_macro   0x0000000000000000       0x2e build/timer.o
 .debug_macro   0x0000000000000000       0x28 build/timer.o
 .debug_macro   0x0000000000000000       0x1c build/timer.o
 .debug_macro   0x0000000000000000       0x22 build/timer.o
 .debug_macro   0x0000000000000000       0xd9 build/timer.o
 .debug_macro   0x0000000000000000     0x102d build/timer.o
 .debug_macro   0x0000000000000000      0x11f build/timer.o
 .debug_macro   0x0000000000000000    0x12a3a build/timer.o
 .debug_macro   0x0000000000000000       0x6d build/timer.o
 .debug_macro   0x0000000000000000       0x16 build/timer.o
 .debug_macro   0x0000000000000000       0x22 build/timer.o
 .debug_macro   0x0000000000000000       0x28 build/timer.o
 .group         0x0000000000000000        0xc build/uart.o
 .group         0x0000000000000000        0xc build/uart.o
 .group         0x0000000000000000        0xc build/uart.o
 .group         0x0000000000000000        0xc build/uart.o
 .group         0x0000000000000000        0xc build/uart.o
 .group         0x0000000000000000        0xc build/uart.o
 .group         0x0000000000000000        0xc build/uart.o
 .group         0x0000000000000000        0xc build/uart.o
 .group         0x0000000000000000        0xc build/uart.o
 .group         0x0000000000000000        0xc build/uart.o
 .group         0x0000000000000000        0xc build/uart.o
 .group         0x0000000000000000        0xc build/uart.o
 .group         0x0000000000000000        0xc build/uart.o
 .group         0x0000000000000000        0xc build/uart.o
 .group         0x0000000000000000        0xc build/uart.o
 .group         0x0000000000000000        0xc build/uart.o
 .group         0x0000000000000000        0xc build/uart.o
 .group         0x0000000000000000        0xc build/uart.o
 .group         0x0000000000000000        0xc build/uart.o
 .group         0x0000000000000000        0xc build/uart.o
 .group         0x0000000000000000        0xc build/uart.o
 .group         0x0000000000000000        0xc build/uart.o
 .group         0x0000000000000000        0xc build/uart.o
 .group         0x0000000000000000        0xc build/uart.o
 .group         0x0000000000000000        0xc build/uart.o
 .group         0x0000000000000000        0xc build/uart.o
 .group         0x0000000000000000        0xc build/uart.o
 .group         0x0000000000000000        0xc build/uart.o
 .group         0x0000000000000000        0xc build/uart.o
 .group         0x0000000000000000        0xc build/uart.o
 .group         0x0000000000000000        0xc build/uart.o
 .group         0x0000000000000000        0xc build/uart.o
 .group         0x0000000000000000        0xc build/uart.o
 .group         0x0000000000000000        0xc build/uart.o
 .group         0x0000000000000000        0xc build/uart.o
 .group         0x0000000000000000        0xc build/uart.o
 .group         0x0000000000000000        0xc build/uart.o
 .group         0x0000000000000000        0xc build/uart.o
 .group         0x0000000000000000        0xc build/uart.o
 .group         0x0000000000000000        0xc build/uart.o
 .group         0x0000000000000000        0xc build/uart.o
 .group         0x0000000000000000        0xc build/uart.o
 .group         0x0000000000000000        0xc build/uart.o
 .group         0x0000000000000000        0xc build/uart.o
 .group         0x0000000000000000        0xc build/uart.o
 .group         0x0000000000000000        0xc build/uart.o
 .group         0x0000000000000000        0xc build/uart.o
 .group         0x0000000000000000        0xc build/uart.o
 .group         0x0000000000000000        0xc build/uart.o
 .group         0x0000000000000000        0xc build/uart.o
 .group         0x0000000000000000        0xc build/uart.o
 .group         0x0000000000000000        0xc build/uart.o
 .text          0x0000000000000000        0x0 build/uart.o
 .data          0x0000000000000000        0x0 build/uart.o
 .bss           0x0000000000000000        0x0 build/uart.o
 .rodata.font8x8
                0x0000000000000000      0x400 build/uart.o
 .debug_macro   0x0000000000000000      0xa60 build/uart.o
 .debug_macro   0x0000000000000000      0x34e build/uart.o
 .debug_macro   0x0000000000000000       0x22 build/uart.o
 .debug_macro   0x0000000000000000       0x46 build/uart.o
 .debug_macro   0x0000000000000000       0x18 build/uart.o
 .debug_macro   0x0000000000000000       0x94 build/uart.o
 .debug_macro   0x0000000000000000       0x3c build/uart.o
 .debug_macro   0x0000000000000000       0x34 build/uart.o
 .debug_macro   0x0000000000000000       0x57 build/uart.o
 .debug_macro   0x0000000000000000      0x333 build/uart.o
 .debug_macro   0x0000000000000000       0x10 build/uart.o
 .debug_macro   0x0000000000000000       0x16 build/uart.o
 .debug_macro   0x0000000000000000       0x43 build/uart.o
 .debug_macro   0x0000000000000000       0x34 build/uart.o
 .debug_macro   0x0000000000000000       0x10 build/uart.o
 .debug_macro   0x0000000000000000       0x52 build/uart.o
 .debug_macro   0x0000000000000000       0x71 build/uart.o
 .debug_macro   0x0000000000000000       0x1c build/uart.o
 .debug_macro   0x0000000000000000      0x12a build/uart.o
 .debug_macro   0x0000000000000000       0x10 build/uart.o
 .debug_macro   0x0000000000000000       0x6a build/uart.o
 .debug_macro   0x0000000000000000       0x1c build/uart.o
 .debug_macro   0x0000000000000000       0x52 build/uart.o
 .debug_macro   0x0000000000000000       0x22 build/uart.o
 .debug_macro   0x0000000000000000       0x10 build/uart.o
 .debug_macro   0x0000000000000000       0x40 build/uart.o
 .debug_macro   0x0000000000000000       0xd5 build/uart.o
 .debug_macro   0x0000000000000000       0x1c build/uart.o
 .debug_macro   0x0000000000000000       0x3d build/uart.o
 .debug_macro   0x0000000000000000       0x16 build/uart.o
 .debug_macro   0x0000000000000000      0x145 build/uart.o
 .debug_macro   0x0000000000000000       0x16 build/uart.o
 .debug_macro   0x0000000000000000       0x35 build/uart.o
 .debug_macro   0x0000000000000000       0x16 build/uart.o
 .debug_macro   0x0000000000000000       0x29 build/uart.o
 .debug_macro   0x0000000000000000       0x10 build/uart.o
 .debug_macro   0x0000000000000000       0x2e build/uart.o
 .debug_macro   0x0000000000000000       0x28 build/uart.o
 .debug_macro   0x0000000000000000       0x1c build/uart.o
 .debug_macro   0x0000000000000000       0x22 build/uart.o
 .debug_macro   0x0000000000000000       0xd9 build/uart.o
 .debug_macro   0x0000000000000000     0x102d build/uart.o
 .debug_macro   0x0000000000000000      0x11f build/uart.o
 .debug_macro   0x0000000000000000    0x12a3a build/uart.o
 .debug_macro   0x0000000000000000       0x6d build/uart.o
 .debug_macro   0x0000000000000000       0x22 build/uart.o
 .debug_macro   0x0000000000000000       0x28 build/uart.o
 .group         0x0000000000000000        0xc build/system_stm32f3xx.o
 .group         0x0000000000000000        0xc build/system_stm32f3xx.o
 .group         0x0000000000000000        0xc build/system_stm32f3xx.o
 .group         0x0000000000000000        0xc build/system_stm32f3xx.o
 .group         0x0000000000000000        0xc build/system_stm32f3xx.o
 .group         0x0000000000000000        0xc build/system_stm32f3xx.o
 .group         0x0000000000000000        0xc build/system_stm32f3xx.o
 .group         0x0000000000000000        0xc build/system_stm32f3xx.o
 .group         0x0000000000000000        0xc build/system_stm32f3xx.o
 .group         0x0000000000000000        0xc build/system_stm32f3xx.o
 .group         0x0000000000000000        0xc build/system_stm32f3xx.o
 .bss           0x0000000000000000        0x0 build/system_stm32f3xx.o
 .debug_macro   0x0000000000000000      0xa60 build/system_stm32f3xx.o
 .debug_macro   0x0000000000000000       0x2e build/system_stm32f3xx.o
 .debug_macro   0x0000000000000000       0x28 build/system_stm32f3xx.o
 .debug_macro   0x0000000000000000      0x34e build/system_stm32f3xx.o
 .debug_macro   0x0000000000000000       0x1c build/system_stm32f3xx.o
 .debug_macro   0x0000000000000000       0x22 build/system_stm32f3xx.o
 .debug_macro   0x0000000000000000       0xd9 build/system_stm32f3xx.o
 .debug_macro   0x0000000000000000     0x102d build/system_stm32f3xx.o
 .debug_macro   0x0000000000000000      0x11f build/system_stm32f3xx.o
 .debug_macro   0x0000000000000000    0x12a3a build/system_stm32f3xx.o
 .debug_macro   0x0000000000000000       0x6d build/system_stm32f3xx.o
 .text          0x0000000000000000       0x14 startup_stm32f303cbtx.o
 .data          0x0000000000000000        0x0 startup_stm32f303cbtx.o
 .bss           0x0000000000000000        0x0 startup_stm32f303cbtx.o
 .data          0x0000000000000000        0x0 /usr/lib/gcc/arm-none-eabi/10.3.1/../../../arm-none-eabi/lib/thumb/v7e-m/nofp/libc.a(lib_a-atexit.o)
 .bss           0x0000000000000000        0x0 /usr/lib/gcc/arm-none-eabi/10.3.1/../../../arm-none-eabi/lib/thumb/v7e-m/nofp/libc.a(lib_a-atexit.o)
 .text          0x0000000000000000       0x20 /usr/lib/gcc/arm-none-eabi/10.3.1/../../../arm-none-eabi/lib/thumb/v7e-m/nofp/libc.a(lib_a-exit.o)
 .data          0x0000000000000000        0x0 /usr/lib/gcc/arm-none-eabi/10.3.1/../../../arm-none-eabi/lib/thumb/v7e-m/nofp/libc.a(lib_a-exit.o)
 .bss           0x0000000000000000        0x0 /usr/lib/gcc/arm-none-eabi/10.3.1/../../../arm-none-eabi/lib/thumb/v7e-m/nofp/libc.a(lib_a-exit.o)
 .debug_info    0x0000000000000000      0x969 /usr/lib/gcc/arm-none-eabi/10.3.1/../../../arm-none-eabi/lib/thumb/v7e-m/nofp/libc.a(lib_a-exit.o)
 .debug_abbrev  0x0000000000000000      0x20c /usr/lib/gcc/arm-none-eabi/10.3.1/../../../arm-none-eabi/lib/thumb/v7e-m/nofp/libc.a(lib_a-exit.o)
 .debug_loc     0x0000000000000000       0x22 /usr/lib/gcc/arm-none-eabi/10.3.1/../../../arm-none-eabi/lib/thumb/v7e-m/nofp/libc.a(lib_a-exit.o)
 .debug_aranges
                0x0000000000000000       0x20 /usr/lib/gcc/arm-none-eabi/10.3.1/../../../arm-none-eabi/lib/thumb/v7e-m/nofp/libc.a(lib_a-exit.o)
 .debug_line    0x0000000000000000      0x179 /usr/lib/gcc/arm-none-eabi/10.3.1/../../../arm-none-eabi/lib/thumb/v7e-m/nofp/libc.a(lib_a-exit.o)
 .debug_str     0x0000000000000000      0x585 /usr/lib/gcc/arm-none-eabi/10.3.1/../../../arm-none-eabi/lib/thumb/v7e-m/nofp/libc.a(lib_a-exit.o)
 .comment       0x0000000000000000       0x34 /usr/lib/gcc/arm-none-eabi/10.3.1/../../../arm-none-eabi/lib/thumb/v7e-m/nofp/libc.a(lib_a-exit.o)
 .debug_frame   0x0000000000000000       0x28 /usr/lib/gcc/arm-none-eabi/10.3.1/../../../arm-none-eabi/lib/thumb/v7e-m/nofp/libc.a(lib_a-exit.o)
 .ARM.attributes
                0x0000000000000000       0x2e /usr/lib/gcc/arm-none-eabi/10.3.1/../../../arm-none-eabi/lib/thumb/v7e-m/nofp/libc.a(lib_a-exit.o)
 .data          0x0000000000000000        0x0 /usr/lib/gcc/arm-none-eabi/10.3.1/../../../arm-none-eabi/lib/thumb/v7e-m/nofp/libc.a(lib_a-fini.o)
 .bss           0x0000000000000000        0x0 /usr/lib/gcc/arm-none-eabi/10.3.1/../../../arm-none-eabi/lib/thumb/v7e-m/nofp/libc.a(lib_a-fini.o)
 .text          0x0000000000000000        0x0 /usr/lib/gcc/arm-none-eabi/10.3.1/../../../arm-none-eabi/lib/thumb/v7e-m/nofp/libc.a(lib_a-impure.o)
 .bss           0x0000000000000000        0x0 /usr/lib/gcc/arm-none-eabi/10.3.1/../../../arm-none-eabi/lib/thumb/v7e-m/nofp/libc.a(lib_a-impure.o)
 .data          0x0000000000000000        0x0 /usr/lib/gcc/arm-none-eabi/10.3.1/../../../arm-none-eabi/lib/thumb/v7e-m/nofp/libc.a(lib_a-init.o)
 .bss           0x0000000000000000        0x0 /usr/lib/gcc/arm-none-eabi/10.3.1/../../../arm-none-eabi/lib/thumb/v7e-m/nofp/libc.a(lib_a-init.o)
 .data          0x0000000000000000        0x0 /usr/lib/gcc/arm-none-eabi/10.3.1/../../../arm-none-eabi/lib/thumb/v7e-m/nofp/libc.a(lib_a-memcpy.o)
 .bss           0x0000000000000000        0x0 /usr/lib/gcc/arm-none-eabi/10.3.1/../../../arm-none-eabi/lib/thumb/v7e-m/nofp/libc.a(lib_a-memcpy.o)
 .text          0x0000000000000000       0xa4 /usr/lib/gcc/arm-none-eabi/10.3.1/../../../arm-none-eabi/lib/thumb/v7e-m/nofp/libc.a(lib_a-memset.o)
 .data          0x0000000000000000        0x0 /usr/lib/gcc/arm-none-eabi/10.3.1/../../../arm-none-eabi/lib/thumb/v7e-m/nofp/libc.a(lib_a-memset.o)
 .bss           0x0000000000000000        0x0 /usr/lib/gcc/arm-none-eabi/10.3.1/../../../arm-none-eabi/lib/thumb/v7e-m/nofp/libc.a(lib_a-memset.o)
 .debug_info    0x0000000000000000      0x137 /usr/lib/gcc/arm-none-eabi/10.3.1/../../../arm-none-eabi/lib/thumb/v7e-m/nofp/libc.a(lib_a-memset.o)
 .debug_abbrev  0x0000000000000000       0xb4 /usr/lib/gcc/arm-none-eabi/10.3.1/../../../arm-none-eabi/lib/thumb/v7e-m/nofp/libc.a(lib_a-memset.o)
 .debug_loc     0x0000000000000000      0x22c /usr/lib/gcc/arm-none-eabi/10.3.1/../../../arm-none-eabi/lib/thumb/v7e-m/nofp/libc.a(lib_a-memset.o)
 .debug_aranges
                0x0000000000000000       0x20 /usr/lib/gcc/arm-none-eabi/10.3.1/../../../arm-none-eabi/lib/thumb/v7e-m/nofp/libc.a(lib_a-memset.o)
 .debug_line    0x0000000000000000      0x1bf /usr/lib/gcc/arm-none-eabi/10.3.1/../../../arm-none-eabi/lib/thumb/v7e-m/nofp/libc.a(lib_a-memset.o)
 .debug_str     0x0000000000000000      0x1b5 /usr/lib/gcc/arm-none-eabi/10.3.1/../../../arm-none-eabi/lib/thumb/v7e-m/nofp/libc.a(lib_a-memset.o)
 .comment       0x0000000000000000       0x34 /usr/lib/gcc/arm-none-eabi/10.3.1/../../../arm-none-eabi/lib/thumb/v7e-m/nofp/libc.a(lib_a-memset.o)
 .debug_frame   0x0000000000000000       0x2c /usr/lib/gcc/arm-none-eabi/10.3.1/../../../arm-none-eabi/lib/thumb/v7e-m/nofp/libc.a(lib_a-memset.o)
 .ARM.attributes
                0x0000000000000000       0x2e /usr/lib/gcc/arm-none-eabi/10.3.1/../../../arm-none-eabi/lib/thumb/v7e-m/nofp/libc.a(lib_a-memset.o)
 .data          0x0000000000000000        0x0 /usr/lib/gcc/arm-none-eabi/10.3.1/../../../arm-none-eabi/lib/thumb/v7e-m/nofp/libc.a(lib_a-__atexit.o)
 .bss           0x0000000000000000        0x0 /usr/lib/gcc/arm-none-eabi/10.3.1/../../../arm-none-eabi/lib/thumb/v7e-m/nofp/libc.a(lib_a-__atexit.o)
 .text          0x0000000000000000       0xb0 /usr/lib/gcc/arm-none-eabi/10.3.1/../../../arm-none-eabi/lib/thumb/v7e-m/nofp/libc.a(lib_a-__call_atexit.o)
 .data          0x0000000000000000        0x0 /usr/lib/gcc/arm-none-eabi/10.3.1/../../../arm-none-eabi/lib/thumb/v7e-m/nofp/libc.a(lib_a-__call_atexit.o)
 .bss           0x0000000000000000        0x0 /usr/lib/gcc/arm-none-eabi/10.3.1/../../../arm-none-eabi/lib/thumb/v7e-m/nofp/libc.a(lib_a-__call_atexit.o)
 .text          0x0000000000000000        0x4 /usr/lib/gcc/arm-none-eabi/10.3.1/../../../arm-none-eabi/lib/thumb/v7e-m/nofp/libnosys.a(_exit.o)
 .data          0x0000000000000000        0x0 /usr/lib/gcc/arm-none-eabi/10.3.1/../../../arm-none-eabi/lib/thumb/v7e-m/nofp/libnosys.a(_exit.o)
 .bss           0x0000000000000000        0x0 /usr/lib/gcc/arm-none-eabi/10.3.1/../../../arm-none-eabi/lib/thumb/v7e-m/nofp/libnosys.a(_exit.o)
 .debug_info    0x0000000000000000       0xa3 /usr/lib/gcc/arm-none-eabi/10.3.1/../../../arm-none-eabi/lib/thumb/v7e-m/nofp/libnosys.a(_exit.o)
 .debug_abbrev  0x0000000000000000       0x6a /usr/lib/gcc/arm-none-eabi/10.3.1/../../../arm-none-eabi/lib/thumb/v7e-m/nofp/libnosys.a(_exit.o)
 .debug_loc     0x0000000000000000       0x15 /usr/lib/gcc/arm-none-eabi/10.3.1/../../../arm-none-eabi/lib/thumb/v7e-m/nofp/libnosys.a(_exit.o)
 .debug_aranges
                0x0000000000000000       0x20 /usr/lib/gcc/arm-none-eabi/10.3.1/../../../arm-none-eabi/lib/thumb/v7e-m/nofp/libnosys.a(_exit.o)
 .debug_line    0x0000000000000000       0x75 /usr/lib/gcc/arm-none-eabi/10.3.1/../../../arm-none-eabi/lib/thumb/v7e-m/nofp/libnosys.a(_exit.o)
 .debug_str     0x0000000000000000      0x17b /usr/lib/gcc/arm-none-eabi/10.3.1/../../../arm-none-eabi/lib/thumb/v7e-m/nofp/libnosys.a(_exit.o)
 .comment       0x0000000000000000       0x34 /usr/lib/gcc/arm-none-eabi/10.3.1/../../../arm-none-eabi/lib/thumb/v7e-m/nofp/libnosys.a(_exit.o)
 .debug_frame   0x0000000000000000       0x20 /usr/lib/gcc/arm-none-eabi/10.3.1/../../../arm-none-eabi/lib/thumb/v7e-m/nofp/libnosys.a(_exit.o)
 .ARM.attributes
                0x0000000000000000       0x2e /usr/lib/gcc/arm-none-eabi/10.3.1/../../../arm-none-eabi/lib/thumb/v7e-m/nofp/libnosys.a(_exit.o)
 .text          0x0000000000000000        0x0 /usr/lib/gcc/arm-none-eabi/10.3.1/thumb/v7e-m/nofp/crtend.o
 .data          0x0000000000000000        0x0 /usr/lib/gcc/arm-none-eabi/10.3.1/thumb/v7e-m/nofp/crtend.o
 .bss           0x0000000000000000        0x0 /usr/lib/gcc/arm-none-eabi/10.3.1/thumb/v7e-m/nofp/crtend.o
 .rodata        0x0000000000000000       0x24 /usr/lib/gcc/arm-none-eabi/10.3.1/thumb/v7e-m/nofp/crtend.o
 .eh_frame      0x0000000000000000        0x4 /usr/lib/gcc/arm-none-eabi/10.3.1/thumb/v7e-m/nofp/crtend.o
 .text          0x0000000000000000        0x0 /usr/lib/gcc/arm-none-eabi/10.3.1/thumb/v7e-m/nofp/crtn.o
 .data          0x0000000000000000        0x0 /usr/lib/gcc/arm-none-eabi/10.3.1/thumb/v7e-m/nofp/crtn.o
 .bss           0x0000000000000000        0x0 /usr/lib/gcc/arm-none-eabi/10.3.1/thumb/v7e-m/nofp/crtn.o

Memory Configuration

Name             Origin             Length             Attributes
CCMRAM           0x0000000010000000 0x0000000000002000 xrw
RAM              0x0000000020000000 0x0000000000008000 xrw
FLASH            0x0000000008000000 0x0000000000020000 xr
*default*        0x0000000000000000 0xffffffffffffffff

Linker script and memory map

LOAD /usr/lib/gcc/arm-none-eabi/10.3.1/thumb/v7e-m/nofp/crti.o
LOAD /usr/lib/gcc/arm-none-eabi/10.3.1/thumb/v7e-m/nofp/crtbegin.o
LOAD /usr/lib/gcc/arm-none-eabi/10.3.1/../../../arm-none-eabi/lib/thumb/v7e-m/nofp/crt0.o
LOAD build/main.o
LOAD build/rcc.o
LOAD build/spi.o
LOAD build/st7735.o
LOAD build/timer.o
LOAD build/uart.o
LOAD build/system_stm32f3xx.o
LOAD startup_stm32f303cbtx.o
START GROUP
LOAD /usr/lib/gcc/arm-none-eabi/10.3.1/../../../arm-none-eabi/lib/thumb/v7e-m/nofp/libc.a
LOAD /usr/lib/gcc/arm-none-eabi/10.3.1/../../../arm-none-eabi/lib/thumb/v7e-m/nofp/libm.a
END GROUP
START GROUP
LOAD /usr/lib/gcc/arm-none-eabi/10.3.1/thumb/v7e-m/nofp/libgcc.a
LOAD /usr/lib/gcc/arm-none-eabi/10.3.1/../../../arm-none-eabi/lib/thumb/v7e-m/nofp/libc.a
END GROUP
START GROUP
LOAD /usr/lib/gcc/arm-none-eabi/10.3.1/thumb/v7e-m/nofp/libgcc.a
LOAD /usr/lib/gcc/arm-none-eabi/10.3.1/../../../arm-none-eabi/lib/thumb/v7e-m/nofp/libc.a
LOAD /usr/lib/gcc/arm-none-eabi/10.3.1/../../../arm-none-eabi/lib/thumb/v7e-m/nofp/libnosys.a
END GROUP
LOAD /usr/lib/gcc/arm-none-eabi/10.3.1/thumb/v7e-m/nofp/crtend.o
LOAD /usr/lib/gcc/arm-none-eabi/10.3.1/thumb/v7e-m/nofp/crtn.o
                0x0000000020008000                _estack = (ORIGIN (RAM) + LENGTH (RAM))
                0x0000000000000200                _Min_Heap_Size = 0x200
                0x0000000000000400                _Min_Stack_Size = 0x400

.isr_vector     0x0000000008000000      0x188
                0x0000000008000000                . = ALIGN (0x4)
 *(.isr_vector)
 .isr_vector    0x0000000008000000      0x188 startup_stm32f303cbtx.o
                0x0000000008000000                g_pfnVectors
                0x0000000008000188                . = ALIGN (0x4)

.text           0x0000000008000188      0xf6c
                0x0000000008000188                . = ALIGN (0x4)
 *(.text)
 .text          0x0000000008000188       0x88 /usr/lib/gcc/arm-none-eabi/10.3.1/thumb/v7e-m/nofp/crtbegin.o
 .text          0x0000000008000210       0xec build/system_stm32f3xx.o
                0x0000000008000210                SystemInit
                0x000000000800021c                SystemCoreClockUpdate
 .text          0x00000000080002fc        0xc /usr/lib/gcc/arm-none-eabi/10.3.1/../../../arm-none-eabi/lib/thumb/v7e-m/nofp/libc.a(lib_a-atexit.o)
                0x00000000080002fc                atexit
 .text          0x0000000008000308       0x2c /usr/lib/gcc/arm-none-eabi/10.3.1/../../../arm-none-eabi/lib/thumb/v7e-m/nofp/libc.a(lib_a-fini.o)
                0x0000000008000308                __libc_fini_array
 .text          0x0000000008000334       0x48 /usr/lib/gcc/arm-none-eabi/10.3.1/../../../arm-none-eabi/lib/thumb/v7e-m/nofp/libc.a(lib_a-init.o)
                0x0000000008000334                __libc_init_array
 .text          0x000000000800037c      0x134 /usr/lib/gcc/arm-none-eabi/10.3.1/../../../arm-none-eabi/lib/thumb/v7e-m/nofp/libc.a(lib_a-memcpy.o)
                0x000000000800037c                memcpy
 .text          0x00000000080004b0       0x68 /usr/lib/gcc/arm-none-eabi/10.3.1/../../../arm-none-eabi/lib/thumb/v7e-m/nofp/libc.a(lib_a-__atexit.o)
                0x00000000080004b0                __register_exitproc
 *(.text*)
 .text.gpio_init
                0x0000000008000518       0x50 build/main.o
                0x0000000008000518                gpio_init
 .text.main     0x0000000008000568      0x13c build/main.o
                0x0000000008000568                main
 .text.PLL_72MHz_enable
                0x00000000080006a4       0xec build/rcc.o
                0x00000000080006a4                PLL_72MHz_enable
 .text.SPI1_init
                0x0000000008000790       0xe4 build/spi.o
                0x0000000008000790                SPI1_init
 .text.SPI1_sendByte
                0x0000000008000874       0x44 build/spi.o
                0x0000000008000874                SPI1_sendByte
 .text.ST7735_setPins
                0x00000000080008b8       0x6c build/st7735.o
                0x00000000080008b8                ST7735_setPins
 .text.DATA_mode
                0x0000000008000924       0x1c build/st7735.o
                0x0000000008000924                DATA_mode
 .text.CMD_mode
                0x0000000008000940       0x1c build/st7735.o
                0x0000000008000940                CMD_mode
 .text.CS_high  0x000000000800095c       0x1c build/st7735.o
                0x000000000800095c                CS_high
 .text.CS_low   0x0000000008000978       0x1c build/st7735.o
                0x0000000008000978                CS_low
 .text.ST7735_reset
                0x0000000008000994       0x44 build/st7735.o
                0x0000000008000994                ST7735_reset
 .text.ST7735_cmd
                0x00000000080009d8       0x1e build/st7735.o
                0x00000000080009d8                ST7735_cmd
 .text.ST7735_data
                0x00000000080009f6       0x1e build/st7735.o
                0x00000000080009f6                ST7735_data
 .text.ST7735_init
                0x0000000008000a14       0x50 build/st7735.o
                0x0000000008000a14                ST7735_init
 .text.ST7735_FillRect
                0x0000000008000a64      0x132 build/st7735.o
                0x0000000008000a64                ST7735_FillRect
 .text.ST7735_SetRegion
                0x0000000008000b96       0x78 build/st7735.o
                0x0000000008000b96                ST7735_SetRegion
 .text.ST7735_DrawPixel
                0x0000000008000c0e       0x54 build/st7735.o
                0x0000000008000c0e                ST7735_DrawPixel
 *fill*         0x0000000008000c62        0x2 
 .text.ST7735_DrawChar
                0x0000000008000c64       0x90 build/st7735.o
                0x0000000008000c64                ST7735_DrawChar
 .text.ST7735_DrawString
                0x0000000008000cf4       0x5e build/st7735.o
                0x0000000008000cf4                ST7735_DrawString
 *fill*         0x0000000008000d52        0x2 
 .text.SysTick_init
                0x0000000008000d54       0x38 build/timer.o
                0x0000000008000d54                SysTick_init
 .text.SysTick_Handler
                0x0000000008000d8c       0x1c build/timer.o
                0x0000000008000d8c                SysTick_Handler
 .text._delay_ms
                0x0000000008000da8       0x30 build/timer.o
                0x0000000008000da8                _delay_ms
 .text.__NVIC_EnableIRQ
                0x0000000008000dd8       0x38 build/uart.o
 .text.__NVIC_SetPriority
                0x0000000008000e10       0x54 build/uart.o
 .text.USART1_init
                0x0000000008000e64       0xfc build/uart.o
                0x0000000008000e64                USART1_init
 .text.USART1_sendByte
                0x0000000008000f60       0x30 build/uart.o
                0x0000000008000f60                USART1_sendByte
 .text.USART1_sendStr
                0x0000000008000f90       0x2a build/uart.o
                0x0000000008000f90                USART1_sendStr
 *fill*         0x0000000008000fba        0x2 
 .text.USART1_IRQHandler
                0x0000000008000fbc       0x7c build/uart.o
                0x0000000008000fbc                USART1_IRQHandler
 .text.USART1_echo
                0x0000000008001038       0x3c build/uart.o
                0x0000000008001038                USART1_echo
 .text.Reset_Handler
                0x0000000008001074       0x50 startup_stm32f303cbtx.o
                0x0000000008001074                Reset_Handler
 .text.Default_Handler
                0x00000000080010c4        0x2 startup_stm32f303cbtx.o
                0x00000000080010c4                RTC_Alarm_IRQHandler
                0x00000000080010c4                TIM8_TRG_COM_IRQHandler
                0x00000000080010c4                TIM8_CC_IRQHandler
                0x00000000080010c4                DebugMon_Handler
                0x00000000080010c4                TIM1_CC_IRQHandler
                0x00000000080010c4                HardFault_Handler
                0x00000000080010c4                USB_HP_IRQHandler
                0x00000000080010c4                PVD_IRQHandler
                0x00000000080010c4                TAMP_STAMP_IRQHandler
                0x00000000080010c4                PendSV_Handler
                0x00000000080010c4                NMI_Handler
                0x00000000080010c4                EXTI3_IRQHandler
                0x00000000080010c4                USB_HP_CAN_TX_IRQHandler
                0x00000000080010c4                EXTI0_IRQHandler
                0x00000000080010c4                I2C2_EV_IRQHandler
                0x00000000080010c4                FPU_IRQHandler
                0x00000000080010c4                TIM1_UP_TIM16_IRQHandler
                0x00000000080010c4                UsageFault_Handler
                0x00000000080010c4                ADC1_2_IRQHandler
                0x00000000080010c4                SPI1_IRQHandler
                0x00000000080010c4                CAN_SCE_IRQHandler
                0x00000000080010c4                TIM6_DAC_IRQHandler
                0x00000000080010c4                TIM8_UP_IRQHandler
                0x00000000080010c4                DMA2_Channel2_IRQHandler
                0x00000000080010c4                DMA1_Channel4_IRQHandler
                0x00000000080010c4                USART3_IRQHandler
                0x00000000080010c4                DMA1_Channel7_IRQHandler
                0x00000000080010c4                UART5_IRQHandler
                0x00000000080010c4                ADC3_IRQHandler
                0x00000000080010c4                TIM4_IRQHandler
                0x00000000080010c4                CAN_RX1_IRQHandler
                0x00000000080010c4                DMA2_Channel1_IRQHandler
                0x00000000080010c4                I2C1_EV_IRQHandler
                0x00000000080010c4                DMA1_Channel6_IRQHandler
                0x00000000080010c4                UART4_IRQHandler
                0x00000000080010c4                DMA2_Channel4_IRQHandler
                0x00000000080010c4                TIM3_IRQHandler
                0x00000000080010c4                RCC_IRQHandler
                0x00000000080010c4                DMA1_Channel1_IRQHandler
                0x00000000080010c4                Default_Handler
                0x00000000080010c4                USBWakeUp_RMP_IRQHandler
                0x00000000080010c4                EXTI15_10_IRQHandler
                0x00000000080010c4                TIM7_IRQHandler
                0x00000000080010c4                EXTI9_5_IRQHandler
                0x00000000080010c4                RTC_WKUP_IRQHandler
                0x00000000080010c4                SPI2_IRQHandler
                0x00000000080010c4                USB_LP_CAN_RX0_IRQHandler
                0x00000000080010c4                MemManage_Handler
                0x00000000080010c4                SVC_Handler
                0x00000000080010c4                DMA2_Channel5_IRQHandler
                0x00000000080010c4                DMA1_Channel5_IRQHandler
                0x00000000080010c4                USB_LP_IRQHandler
                0x00000000080010c4                EXTI4_IRQHandler
                0x00000000080010c4                TIM1_TRG_COM_TIM17_IRQHandler
                0x00000000080010c4                DMA1_Channel3_IRQHandler
                0x00000000080010c4                ADC4_IRQHandler
                0x00000000080010c4                WWDG_IRQHandler
                0x00000000080010c4                TIM2_IRQHandler
                0x00000000080010c4                COMP7_IRQHandler
                0x00000000080010c4                COMP1_2_3_IRQHandler
                0x00000000080010c4                EXTI1_IRQHandler
                0x00000000080010c4                USART2_IRQHandler
                0x00000000080010c4                COMP4_5_6_IRQHandler
                0x00000000080010c4                I2C2_ER_IRQHandler
                0x00000000080010c4                DMA1_Channel2_IRQHandler
                0x00000000080010c4                TIM8_BRK_IRQHandler
                0x00000000080010c4                FLASH_IRQHandler
                0x00000000080010c4                BusFault_Handler
                0x00000000080010c4                SPI3_IRQHandler
                0x00000000080010c4                I2C1_ER_IRQHandler
                0x00000000080010c4                USBWakeUp_IRQHandler
                0x00000000080010c4                DMA2_Channel3_IRQHandler
                0x00000000080010c4                EXTI2_TSC_IRQHandler
                0x00000000080010c4                TIM1_BRK_TIM15_IRQHandler
 *fill*         0x00000000080010c6        0x2 
 .text.startup  0x00000000080010c8       0x14 /usr/lib/gcc/arm-none-eabi/10.3.1/../../../arm-none-eabi/lib/thumb/v7e-m/nofp/libc.a(lib_a-__call_atexit.o)
 *(.glue_7)
 .glue_7        0x00000000080010dc        0x0 linker stubs
 *(.glue_7t)
 .glue_7t       0x00000000080010dc        0x0 linker stubs
 *(.eh_frame)
 .eh_frame      0x00000000080010dc        0x0 /usr/lib/gcc/arm-none-eabi/10.3.1/thumb/v7e-m/nofp/crtbegin.o
 *(.init)
 .init          0x00000000080010dc        0x4 /usr/lib/gcc/arm-none-eabi/10.3.1/thumb/v7e-m/nofp/crti.o
                0x00000000080010dc                _init
 .init          0x00000000080010e0        0x8 /usr/lib/gcc/arm-none-eabi/10.3.1/thumb/v7e-m/nofp/crtn.o
 *(.fini)
 .fini          0x00000000080010e8        0x4 /usr/lib/gcc/arm-none-eabi/10.3.1/thumb/v7e-m/nofp/crti.o
                0x00000000080010e8                _fini
 .fini          0x00000000080010ec        0x8 /usr/lib/gcc/arm-none-eabi/10.3.1/thumb/v7e-m/nofp/crtn.o
                0x00000000080010f4                . = ALIGN (0x4)
                0x00000000080010f4                _etext = .

.vfp11_veneer   0x00000000080010f4        0x0
 .vfp11_veneer  0x00000000080010f4        0x0 linker stubs

.v4_bx          0x00000000080010f4        0x0
 .v4_bx         0x00000000080010f4        0x0 linker stubs

.iplt           0x00000000080010f4        0x0
 .iplt          0x00000000080010f4        0x0 /usr/lib/gcc/arm-none-eabi/10.3.1/thumb/v7e-m/nofp/crtbegin.o

.rodata         0x00000000080010f4      0x550
                0x00000000080010f4                . = ALIGN (0x4)
 *(.rodata)
 .rodata        0x00000000080010f4      0x128 build/main.o
 .rodata        0x000000000800121c        0xb build/uart.o
 *fill*         0x0000000008001227        0x1 
 .rodata        0x0000000008001228       0x18 build/system_stm32f3xx.o
                0x0000000008001228                AHBPrescTable
                0x0000000008001238                APBPrescTable
 .rodata        0x0000000008001240        0x4 /usr/lib/gcc/arm-none-eabi/10.3.1/../../../arm-none-eabi/lib/thumb/v7e-m/nofp/libc.a(lib_a-impure.o)
                0x0000000008001240                _global_impure_ptr
 *(.rodata*)
 .rodata.font8x8
                0x0000000008001244      0x400 build/st7735.o
                0x0000000008001644                . = ALIGN (0x4)

.ARM.extab      0x0000000008001644        0x0
                0x0000000008001644                . = ALIGN (0x4)
 *(.ARM.extab* .gnu.linkonce.armextab.*)
                0x0000000008001644                . = ALIGN (0x4)

.ARM            0x0000000008001644        0x0
                0x0000000008001644                . = ALIGN (0x4)
                0x0000000008001644                __exidx_start = .
 *(.ARM.exidx*)
                0x0000000008001644                __exidx_end = .
                0x0000000008001644                . = ALIGN (0x4)

.preinit_array  0x0000000008001644        0x0
                0x0000000008001644                . = ALIGN (0x4)
                0x0000000008001644                PROVIDE (__preinit_array_start = .)
 *(.preinit_array*)
                0x0000000008001644                PROVIDE (__preinit_array_end = .)
                0x0000000008001644                . = ALIGN (0x4)

.init_array     0x0000000008001644        0x8
                0x0000000008001644                . = ALIGN (0x4)
                0x0000000008001644                PROVIDE (__init_array_start = .)
 *(SORT_BY_NAME(.init_array.*))
 .init_array.00000
                0x0000000008001644        0x4 /usr/lib/gcc/arm-none-eabi/10.3.1/../../../arm-none-eabi/lib/thumb/v7e-m/nofp/libc.a(lib_a-__call_atexit.o)
 *(.init_array*)
 .init_array    0x0000000008001648        0x4 /usr/lib/gcc/arm-none-eabi/10.3.1/thumb/v7e-m/nofp/crtbegin.o
                0x000000000800164c                PROVIDE (__init_array_end = .)
                0x000000000800164c                . = ALIGN (0x4)

.fini_array     0x000000000800164c        0x4
                0x000000000800164c                . = ALIGN (0x4)
                0x000000000800164c                PROVIDE (__fini_array_start = .)
 *(SORT_BY_NAME(.fini_array.*))
 *(.fini_array*)
 .fini_array    0x000000000800164c        0x4 /usr/lib/gcc/arm-none-eabi/10.3.1/thumb/v7e-m/nofp/crtbegin.o
                0x0000000008001650                PROVIDE (__fini_array_end = .)
                0x0000000008001650                . = ALIGN (0x4)
                0x0000000008001650                _sidata = LOADADDR (.data)

.rel.dyn        0x0000000008001650        0x0
 .rel.iplt      0x0000000008001650        0x0 /usr/lib/gcc/arm-none-eabi/10.3.1/thumb/v7e-m/nofp/crtbegin.o

.data           0x0000000020000000      0x438 load address 0x0000000008001650
                0x0000000020000000                . = ALIGN (0x4)
                0x0000000020000000                _sdata = .
 *(.data)
 .data          0x0000000020000000        0x4 build/system_stm32f3xx.o
                0x0000000020000000                SystemCoreClock
 *fill*         0x0000000020000004        0x4 
 .data          0x0000000020000008      0x430 /usr/lib/gcc/arm-none-eabi/10.3.1/../../../arm-none-eabi/lib/thumb/v7e-m/nofp/libc.a(lib_a-impure.o)
                0x0000000020000008                _impure_ptr
 *(.data*)
 *(.RamFunc)
 *(.RamFunc*)
                0x0000000020000438                . = ALIGN (0x4)
                0x0000000020000438                _edata = .
                0x0000000008001a88                _siccmram = LOADADDR (.ccmram)

.tm_clone_table
                0x0000000020000438        0x0 load address 0x0000000008001a88
 .tm_clone_table
                0x0000000020000438        0x0 /usr/lib/gcc/arm-none-eabi/10.3.1/thumb/v7e-m/nofp/crtbegin.o
 .tm_clone_table
                0x0000000020000438        0x0 /usr/lib/gcc/arm-none-eabi/10.3.1/thumb/v7e-m/nofp/crtend.o

.igot.plt       0x0000000020000438        0x0 load address 0x0000000008001a88
 .igot.plt      0x0000000020000438        0x0 /usr/lib/gcc/arm-none-eabi/10.3.1/thumb/v7e-m/nofp/crtbegin.o

.ccmram         0x0000000010000000        0x0 load address 0x0000000008001a88
                0x0000000010000000                . = ALIGN (0x4)
                0x0000000010000000                _sccmram = .
 *(.ccmram)
 *(.ccmram*)
                0x0000000010000000                . = ALIGN (0x4)
                0x0000000010000000                _eccmram = .
                0x0000000010000000                . = ALIGN (0x4)

.bss            0x0000000020000438       0x44
                0x0000000020000438                _sbss = .
                0x0000000020000438                __bss_start__ = _sbss
 *(.bss)
 .bss           0x0000000020000438       0x1c /usr/lib/gcc/arm-none-eabi/10.3.1/thumb/v7e-m/nofp/crtbegin.o
 *(.bss*)
 .bss.ms_ticks  0x0000000020000454        0x4 build/timer.o
                0x0000000020000454                ms_ticks
 .bss.usart_data_buffer
                0x0000000020000458       0x20 build/uart.o
                0x0000000020000458                usart_data_buffer
 .bss.usart_index_buffer
                0x0000000020000478        0x1 build/uart.o
                0x0000000020000478                usart_index_buffer
 .bss.usart1_flag
                0x0000000020000479        0x1 build/uart.o
                0x0000000020000479                usart1_flag
 *(COMMON)
                0x000000002000047c                . = ALIGN (0x4)
 *fill*         0x000000002000047a        0x2 
                0x000000002000047c                _ebss = .
                0x000000002000047c                __bss_end__ = _ebss

._user_heap_stack
                0x000000002000047c      0x604
                0x0000000020000480                . = ALIGN (0x8)
 *fill*         0x000000002000047c        0x4 
                [!provide]                        PROVIDE (end = .)
                [!provide]                        PROVIDE (_end = .)
                0x0000000020000680                . = (. + _Min_Heap_Size)
 *fill*         0x0000000020000480      0x200 
                0x0000000020000a80                . = (. + _Min_Stack_Size)
 *fill*         0x0000000020000680      0x400 
                0x0000000020000a80                . = ALIGN (0x8)

/DISCARD/
 libc.a(*)
 libm.a(*)
 libgcc.a(*)

.ARM.attributes
                0x0000000000000000       0x2a
 *(.ARM.attributes)
 .ARM.attributes
                0x0000000000000000       0x1e /usr/lib/gcc/arm-none-eabi/10.3.1/thumb/v7e-m/nofp/crti.o
 .ARM.attributes
                0x000000000000001e       0x2e /usr/lib/gcc/arm-none-eabi/10.3.1/thumb/v7e-m/nofp/crtbegin.o
 .ARM.attributes
                0x000000000000004c       0x2e build/main.o
 .ARM.attributes
                0x000000000000007a       0x2e build/rcc.o
 .ARM.attributes
                0x00000000000000a8       0x2e build/spi.o
 .ARM.attributes
                0x00000000000000d6       0x2e build/st7735.o
 .ARM.attributes
                0x0000000000000104       0x2e build/timer.o
 .ARM.attributes
                0x0000000000000132       0x2e build/uart.o
 .ARM.attributes
                0x0000000000000160       0x2e build/system_stm32f3xx.o
 .ARM.attributes
                0x000000000000018e       0x21 startup_stm32f303cbtx.o
 .ARM.attributes
                0x00000000000001af       0x2e /usr/lib/gcc/arm-none-eabi/10.3.1/../../../arm-none-eabi/lib/thumb/v7e-m/nofp/libc.a(lib_a-atexit.o)
 .ARM.attributes
                0x00000000000001dd       0x2e /usr/lib/gcc/arm-none-eabi/10.3.1/../../../arm-none-eabi/lib/thumb/v7e-m/nofp/libc.a(lib_a-fini.o)
 .ARM.attributes
                0x000000000000020b       0x2e /usr/lib/gcc/arm-none-eabi/10.3.1/../../../arm-none-eabi/lib/thumb/v7e-m/nofp/libc.a(lib_a-impure.o)
 .ARM.attributes
                0x0000000000000239       0x2e /usr/lib/gcc/arm-none-eabi/10.3.1/../../../arm-none-eabi/lib/thumb/v7e-m/nofp/libc.a(lib_a-init.o)
 .ARM.attributes
                0x0000000000000267       0x1c /usr/lib/gcc/arm-none-eabi/10.3.1/../../../arm-none-eabi/lib/thumb/v7e-m/nofp/libc.a(lib_a-memcpy.o)
 .ARM.attributes
                0x0000000000000283       0x2e /usr/lib/gcc/arm-none-eabi/10.3.1/../../../arm-none-eabi/lib/thumb/v7e-m/nofp/libc.a(lib_a-__atexit.o)
 .ARM.attributes
                0x00000000000002b1       0x2e /usr/lib/gcc/arm-none-eabi/10.3.1/../../../arm-none-eabi/lib/thumb/v7e-m/nofp/libc.a(lib_a-__call_atexit.o)
 .ARM.attributes
                0x00000000000002df       0x2e /usr/lib/gcc/arm-none-eabi/10.3.1/thumb/v7e-m/nofp/crtend.o
 .ARM.attributes
                0x000000000000030d       0x1e /usr/lib/gcc/arm-none-eabi/10.3.1/thumb/v7e-m/nofp/crtn.o
OUTPUT(build/main.elf elf32-littlearm)
LOAD linker stubs
LOAD /usr/lib/gcc/arm-none-eabi/10.3.1/../../../arm-none-eabi/lib/thumb/v7e-m/nofp/libc.a
LOAD /usr/lib/gcc/arm-none-eabi/10.3.1/../../../arm-none-eabi/lib/thumb/v7e-m/nofp/libm.a
LOAD /usr/lib/gcc/arm-none-eabi/10.3.1/thumb/v7e-m/nofp/libgcc.a

.comment        0x0000000000000000       0x33
 .comment       0x0000000000000000       0x33 /usr/lib/gcc/arm-none-eabi/10.3.1/thumb/v7e-m/nofp/crtbegin.o
                                         0x34 (size before relaxing)
 .comment       0x0000000000000033       0x34 build/main.o
 .comment       0x0000000000000033       0x34 build/rcc.o
 .comment       0x0000000000000033       0x34 build/spi.o
 .comment       0x0000000000000033       0x34 build/st7735.o
 .comment       0x0000000000000033       0x34 build/timer.o
 .comment       0x0000000000000033       0x34 build/uart.o
 .comment       0x0000000000000033       0x34 build/system_stm32f3xx.o
 .comment       0x0000000000000033       0x34 /usr/lib/gcc/arm-none-eabi/10.3.1/../../../arm-none-eabi/lib/thumb/v7e-m/nofp/libc.a(lib_a-atexit.o)
 .comment       0x0000000000000033       0x34 /usr/lib/gcc/arm-none-eabi/10.3.1/../../../arm-none-eabi/lib/thumb/v7e-m/nofp/libc.a(lib_a-fini.o)
 .comment       0x0000000000000033       0x34 /usr/lib/gcc/arm-none-eabi/10.3.1/../../../arm-none-eabi/lib/thumb/v7e-m/nofp/libc.a(lib_a-impure.o)
 .comment       0x0000000000000033       0x34 /usr/lib/gcc/arm-none-eabi/10.3.1/../../../arm-none-eabi/lib/thumb/v7e-m/nofp/libc.a(lib_a-init.o)
 .comment       0x0000000000000033       0x34 /usr/lib/gcc/arm-none-eabi/10.3.1/../../../arm-none-eabi/lib/thumb/v7e-m/nofp/libc.a(lib_a-__atexit.o)
 .comment       0x0000000000000033       0x34 /usr/lib/gcc/arm-none-eabi/10.3.1/../../../arm-none-eabi/lib/thumb/v7e-m/nofp/libc.a(lib_a-__call_atexit.o)
 .comment       0x0000000000000033       0x34 /usr/lib/gcc/arm-none-eabi/10.3.1/thumb/v7e-m/nofp/crtend.o

.debug_info     0x0000000000000000     0x3bdc
 .debug_info    0x0000000000000000      0x2e9 build/main.o
 .debug_info    0x00000000000002e9      0x263 build/rcc.o
 .debug_info    0x000000000000054c      0x323 build/spi.o
 .debug_info    0x000000000000086f      0x566 build/st7735.o
 .debug_info    0x0000000000000dd5      0x1c5 build/timer.o
 .debug_info    0x0000000000000f9a      0x97d build/uart.o
 .debug_info    0x0000000000001917      0x23c build/system_stm32f3xx.o
 .debug_info    0x0000000000001b53       0x30 startup_stm32f303cbtx.o
 .debug_info    0x0000000000001b83      0x100 /usr/lib/gcc/arm-none-eabi/10.3.1/../../../arm-none-eabi/lib/thumb/v7e-m/nofp/libc.a(lib_a-atexit.o)
 .debug_info    0x0000000000001c83      0x102 /usr/lib/gcc/arm-none-eabi/10.3.1/../../../arm-none-eabi/lib/thumb/v7e-m/nofp/libc.a(lib_a-fini.o)
 .debug_info    0x0000000000001d85      0x92a /usr/lib/gcc/arm-none-eabi/10.3.1/../../../arm-none-eabi/lib/thumb/v7e-m/nofp/libc.a(lib_a-impure.o)
 .debug_info    0x00000000000026af      0x11a /usr/lib/gcc/arm-none-eabi/10.3.1/../../../arm-none-eabi/lib/thumb/v7e-m/nofp/libc.a(lib_a-init.o)
 .debug_info    0x00000000000027c9       0x26 /usr/lib/gcc/arm-none-eabi/10.3.1/../../../arm-none-eabi/lib/thumb/v7e-m/nofp/libc.a(lib_a-memcpy.o)
 .debug_info    0x00000000000027ef      0x9b0 /usr/lib/gcc/arm-none-eabi/10.3.1/../../../arm-none-eabi/lib/thumb/v7e-m/nofp/libc.a(lib_a-__atexit.o)
 .debug_info    0x000000000000319f      0xa3d /usr/lib/gcc/arm-none-eabi/10.3.1/../../../arm-none-eabi/lib/thumb/v7e-m/nofp/libc.a(lib_a-__call_atexit.o)

.debug_abbrev   0x0000000000000000     0x11a7
 .debug_abbrev  0x0000000000000000       0xf6 build/main.o
 .debug_abbrev  0x00000000000000f6       0xdf build/rcc.o
 .debug_abbrev  0x00000000000001d5       0xf4 build/spi.o
 .debug_abbrev  0x00000000000002c9      0x15c build/st7735.o
 .debug_abbrev  0x0000000000000425      0x12c build/timer.o
 .debug_abbrev  0x0000000000000551      0x20d build/uart.o
 .debug_abbrev  0x000000000000075e      0x116 build/system_stm32f3xx.o
 .debug_abbrev  0x0000000000000874       0x24 startup_stm32f303cbtx.o
 .debug_abbrev  0x0000000000000898       0xb7 /usr/lib/gcc/arm-none-eabi/10.3.1/../../../arm-none-eabi/lib/thumb/v7e-m/nofp/libc.a(lib_a-atexit.o)
 .debug_abbrev  0x000000000000094f       0xcf /usr/lib/gcc/arm-none-eabi/10.3.1/../../../arm-none-eabi/lib/thumb/v7e-m/nofp/libc.a(lib_a-fini.o)
 .debug_abbrev  0x0000000000000a1e      0x1b8 /usr/lib/gcc/arm-none-eabi/10.3.1/../../../arm-none-eabi/lib/thumb/v7e-m/nofp/libc.a(lib_a-impure.o)
 .debug_abbrev  0x0000000000000bd6       0xcc /usr/lib/gcc/arm-none-eabi/10.3.1/../../../arm-none-eabi/lib/thumb/v7e-m/nofp/libc.a(lib_a-init.o)
 .debug_abbrev  0x0000000000000ca2       0x14 /usr/lib/gcc/arm-none-eabi/10.3.1/../../../arm-none-eabi/lib/thumb/v7e-m/nofp/libc.a(lib_a-memcpy.o)
 .debug_abbrev  0x0000000000000cb6      0x23f /usr/lib/gcc/arm-none-eabi/10.3.1/../../../arm-none-eabi/lib/thumb/v7e-m/nofp/libc.a(lib_a-__atexit.o)
 .debug_abbrev  0x0000000000000ef5      0x2b2 /usr/lib/gcc/arm-none-eabi/10.3.1/../../../arm-none-eabi/lib/thumb/v7e-m/nofp/libc.a(lib_a-__call_atexit.o)

.debug_aranges  0x0000000000000000      0x2b8
 .debug_aranges
                0x0000000000000000       0x28 build/main.o
 .debug_aranges
                0x0000000000000028       0x30 build/rcc.o
 .debug_aranges
                0x0000000000000058       0x28 build/spi.o
 .debug_aranges
                0x0000000000000080       0x88 build/st7735.o
 .debug_aranges
                0x0000000000000108       0x38 build/timer.o
 .debug_aranges
                0x0000000000000140       0x50 build/uart.o
 .debug_aranges
                0x0000000000000190       0x20 build/system_stm32f3xx.o
 .debug_aranges
                0x00000000000001b0       0x28 startup_stm32f303cbtx.o
 .debug_aranges
                0x00000000000001d8       0x20 /usr/lib/gcc/arm-none-eabi/10.3.1/../../../arm-none-eabi/lib/thumb/v7e-m/nofp/libc.a(lib_a-atexit.o)
 .debug_aranges
                0x00000000000001f8       0x20 /usr/lib/gcc/arm-none-eabi/10.3.1/../../../arm-none-eabi/lib/thumb/v7e-m/nofp/libc.a(lib_a-fini.o)
 .debug_aranges
                0x0000000000000218       0x18 /usr/lib/gcc/arm-none-eabi/10.3.1/../../../arm-none-eabi/lib/thumb/v7e-m/nofp/libc.a(lib_a-impure.o)
 .debug_aranges
                0x0000000000000230       0x20 /usr/lib/gcc/arm-none-eabi/10.3.1/../../../arm-none-eabi/lib/thumb/v7e-m/nofp/libc.a(lib_a-init.o)
 .debug_aranges
                0x0000000000000250       0x20 /usr/lib/gcc/arm-none-eabi/10.3.1/../../../arm-none-eabi/lib/thumb/v7e-m/nofp/libc.a(lib_a-memcpy.o)
 .debug_aranges
                0x0000000000000270       0x20 /usr/lib/gcc/arm-none-eabi/10.3.1/../../../arm-none-eabi/lib/thumb/v7e-m/nofp/libc.a(lib_a-__atexit.o)
 .debug_aranges
                0x0000000000000290       0x28 /usr/lib/gcc/arm-none-eabi/10.3.1/../../../arm-none-eabi/lib/thumb/v7e-m/nofp/libc.a(lib_a-__call_atexit.o)

.debug_ranges   0x0000000000000000      0x198
 .debug_ranges  0x0000000000000000       0x18 build/main.o
 .debug_ranges  0x0000000000000018       0x20 build/rcc.o
 .debug_ranges  0x0000000000000038       0x18 build/spi.o
 .debug_ranges  0x0000000000000050       0x78 build/st7735.o
 .debug_ranges  0x00000000000000c8       0x28 build/timer.o
 .debug_ranges  0x00000000000000f0       0x58 build/uart.o
 .debug_ranges  0x0000000000000148       0x50 /usr/lib/gcc/arm-none-eabi/10.3.1/../../../arm-none-eabi/lib/thumb/v7e-m/nofp/libc.a(lib_a-__call_atexit.o)

.debug_macro    0x0000000000000000    0x16c28
 .debug_macro   0x0000000000000000      0x2ae build/main.o
 .debug_macro   0x00000000000002ae      0xa60 build/main.o
 .debug_macro   0x0000000000000d0e       0x10 build/main.o
 .debug_macro   0x0000000000000d1e       0x22 build/main.o
 .debug_macro   0x0000000000000d40       0x46 build/main.o
 .debug_macro   0x0000000000000d86       0x18 build/main.o
 .debug_macro   0x0000000000000d9e       0x94 build/main.o
 .debug_macro   0x0000000000000e32       0x3c build/main.o
 .debug_macro   0x0000000000000e6e       0x34 build/main.o
 .debug_macro   0x0000000000000ea2      0x174 build/main.o
 .debug_macro   0x0000000000001016       0x16 build/main.o
 .debug_macro   0x000000000000102c       0x43 build/main.o
 .debug_macro   0x000000000000106f       0x57 build/main.o
 .debug_macro   0x00000000000010c6       0x34 build/main.o
 .debug_macro   0x00000000000010fa       0x10 build/main.o
 .debug_macro   0x000000000000110a       0x52 build/main.o
 .debug_macro   0x000000000000115c       0x71 build/main.o
 .debug_macro   0x00000000000011cd       0x1c build/main.o
 .debug_macro   0x00000000000011e9      0x12a build/main.o
 .debug_macro   0x0000000000001313      0x333 build/main.o
 .debug_macro   0x0000000000001646       0x10 build/main.o
 .debug_macro   0x0000000000001656       0x35 build/main.o
 .debug_macro   0x000000000000168b      0x34e build/main.o
 .debug_macro   0x00000000000019d9       0x1c build/main.o
 .debug_macro   0x00000000000019f5       0x10 build/main.o
 .debug_macro   0x0000000000001a05       0x10 build/main.o
 .debug_macro   0x0000000000001a15       0x6a build/main.o
 .debug_macro   0x0000000000001a7f       0x1c build/main.o
 .debug_macro   0x0000000000001a9b       0x52 build/main.o
 .debug_macro   0x0000000000001aed       0x22 build/main.o
 .debug_macro   0x0000000000001b0f       0x10 build/main.o
 .debug_macro   0x0000000000001b1f       0x40 build/main.o
 .debug_macro   0x0000000000001b5f       0xd5 build/main.o
 .debug_macro   0x0000000000001c34       0x1c build/main.o
 .debug_macro   0x0000000000001c50       0x3d build/main.o
 .debug_macro   0x0000000000001c8d       0x16 build/main.o
 .debug_macro   0x0000000000001ca3      0x145 build/main.o
 .debug_macro   0x0000000000001de8       0x16 build/main.o
 .debug_macro   0x0000000000001dfe       0x16 build/main.o
 .debug_macro   0x0000000000001e14       0x29 build/main.o
 .debug_macro   0x0000000000001e3d       0x2e build/main.o
 .debug_macro   0x0000000000001e6b       0x28 build/main.o
 .debug_macro   0x0000000000001e93       0x1c build/main.o
 .debug_macro   0x0000000000001eaf       0x22 build/main.o
 .debug_macro   0x0000000000001ed1       0xd9 build/main.o
 .debug_macro   0x0000000000001faa     0x102d build/main.o
 .debug_macro   0x0000000000002fd7      0x11f build/main.o
 .debug_macro   0x00000000000030f6    0x12a3a build/main.o
 .debug_macro   0x0000000000015b30       0x6d build/main.o
 .debug_macro   0x0000000000015b9d       0x16 build/main.o
 .debug_macro   0x0000000000015bb3       0x22 build/main.o
 .debug_macro   0x0000000000015bd5       0x28 build/main.o
 .debug_macro   0x0000000000015bfd      0x2b2 build/rcc.o
 .debug_macro   0x0000000000015eaf      0x2b8 build/spi.o
 .debug_macro   0x0000000000016167       0x1c build/spi.o
 .debug_macro   0x0000000000016183      0x2b8 build/st7735.o
 .debug_macro   0x000000000001643b       0x22 build/st7735.o
 .debug_macro   0x000000000001645d      0x2b2 build/timer.o
 .debug_macro   0x000000000001670f      0x2b8 build/uart.o
 .debug_macro   0x00000000000169c7       0x16 build/uart.o
 .debug_macro   0x00000000000169dd       0x97 build/uart.o
 .debug_macro   0x0000000000016a74       0xfd build/uart.o
 .debug_macro   0x0000000000016b71       0x16 build/uart.o
 .debug_macro   0x0000000000016b87       0x10 build/uart.o
 .debug_macro   0x0000000000016b97       0x91 build/system_stm32f3xx.o

.debug_line     0x0000000000000000     0x263d
 .debug_line    0x0000000000000000      0x3f5 build/main.o
 .debug_line    0x00000000000003f5      0x481 build/rcc.o
 .debug_line    0x0000000000000876      0x3ec build/spi.o
 .debug_line    0x0000000000000c62      0x60c build/st7735.o
 .debug_line    0x000000000000126e      0x403 build/timer.o
 .debug_line    0x0000000000001671      0x4fc build/uart.o
 .debug_line    0x0000000000001b6d      0x19d build/system_stm32f3xx.o
 .debug_line    0x0000000000001d0a       0x7a startup_stm32f303cbtx.o
 .debug_line    0x0000000000001d84       0xc0 /usr/lib/gcc/arm-none-eabi/10.3.1/../../../arm-none-eabi/lib/thumb/v7e-m/nofp/libc.a(lib_a-atexit.o)
 .debug_line    0x0000000000001e44       0xed /usr/lib/gcc/arm-none-eabi/10.3.1/../../../arm-none-eabi/lib/thumb/v7e-m/nofp/libc.a(lib_a-fini.o)
 .debug_line    0x0000000000001f31       0xe4 /usr/lib/gcc/arm-none-eabi/10.3.1/../../../arm-none-eabi/lib/thumb/v7e-m/nofp/libc.a(lib_a-impure.o)
 .debug_line    0x0000000000002015      0x138 /usr/lib/gcc/arm-none-eabi/10.3.1/../../../arm-none-eabi/lib/thumb/v7e-m/nofp/libc.a(lib_a-init.o)
 .debug_line    0x000000000000214d       0xbe /usr/lib/gcc/arm-none-eabi/10.3.1/../../../arm-none-eabi/lib/thumb/v7e-m/nofp/libc.a(lib_a-memcpy.o)
 .debug_line    0x000000000000220b      0x19e /usr/lib/gcc/arm-none-eabi/10.3.1/../../../arm-none-eabi/lib/thumb/v7e-m/nofp/libc.a(lib_a-__atexit.o)
 .debug_line    0x00000000000023a9      0x294 /usr/lib/gcc/arm-none-eabi/10.3.1/../../../arm-none-eabi/lib/thumb/v7e-m/nofp/libc.a(lib_a-__call_atexit.o)

.debug_str      0x0000000000000000    0x7777d
 .debug_str     0x0000000000000000    0x7671c build/main.o
                                      0x7696b (size before relaxing)
 .debug_str     0x000000000007671c       0x65 build/rcc.o
                                      0x76962 (size before relaxing)
 .debug_str     0x0000000000076781       0x54 build/spi.o
                                      0x7697e (size before relaxing)
 .debug_str     0x00000000000767d5       0xe9 build/st7735.o
                                      0x76a20 (size before relaxing)
 .debug_str     0x00000000000768be       0x66 build/timer.o
                                      0x7691a (size before relaxing)
 .debug_str     0x0000000000076924      0x49e build/uart.o
                                      0x76f18 (size before relaxing)
 .debug_str     0x0000000000076dc2      0x11e build/system_stm32f3xx.o
                                      0x7249b (size before relaxing)
 .debug_str     0x0000000000076ee0       0x5c startup_stm32f303cbtx.o
 .debug_str     0x0000000000076f3c      0x142 /usr/lib/gcc/arm-none-eabi/10.3.1/../../../arm-none-eabi/lib/thumb/v7e-m/nofp/libc.a(lib_a-atexit.o)
                                        0x1de (size before relaxing)
 .debug_str     0x000000000007707e       0xbe /usr/lib/gcc/arm-none-eabi/10.3.1/../../../arm-none-eabi/lib/thumb/v7e-m/nofp/libc.a(lib_a-fini.o)
                                        0x1d6 (size before relaxing)
 .debug_str     0x000000000007713c      0x436 /usr/lib/gcc/arm-none-eabi/10.3.1/../../../arm-none-eabi/lib/thumb/v7e-m/nofp/libc.a(lib_a-impure.o)
                                        0x57c (size before relaxing)
 .debug_str     0x0000000000077572       0x90 /usr/lib/gcc/arm-none-eabi/10.3.1/../../../arm-none-eabi/lib/thumb/v7e-m/nofp/libc.a(lib_a-init.o)
                                        0x200 (size before relaxing)
 .debug_str     0x0000000000077602       0xae /usr/lib/gcc/arm-none-eabi/10.3.1/../../../arm-none-eabi/lib/thumb/v7e-m/nofp/libc.a(lib_a-memcpy.o)
 .debug_str     0x00000000000776b0       0x3b /usr/lib/gcc/arm-none-eabi/10.3.1/../../../arm-none-eabi/lib/thumb/v7e-m/nofp/libc.a(lib_a-__atexit.o)
                                        0x5b6 (size before relaxing)
 .debug_str     0x00000000000776eb       0x92 /usr/lib/gcc/arm-none-eabi/10.3.1/../../../arm-none-eabi/lib/thumb/v7e-m/nofp/libc.a(lib_a-__call_atexit.o)
                                        0x5e2 (size before relaxing)

.debug_frame    0x0000000000000000      0x614
 .debug_frame   0x0000000000000000       0x54 build/main.o
 .debug_frame   0x0000000000000054       0x6c build/rcc.o
 .debug_frame   0x00000000000000c0       0x58 build/spi.o
 .debug_frame   0x0000000000000118      0x1f0 build/st7735.o
 .debug_frame   0x0000000000000308       0x9c build/timer.o
 .debug_frame   0x00000000000003a4      0x114 build/uart.o
 .debug_frame   0x00000000000004b8       0x58 build/system_stm32f3xx.o
 .debug_frame   0x0000000000000510       0x20 /usr/lib/gcc/arm-none-eabi/10.3.1/../../../arm-none-eabi/lib/thumb/v7e-m/nofp/libc.a(lib_a-atexit.o)
 .debug_frame   0x0000000000000530       0x34 /usr/lib/gcc/arm-none-eabi/10.3.1/../../../arm-none-eabi/lib/thumb/v7e-m/nofp/libc.a(lib_a-fini.o)
 .debug_frame   0x0000000000000564       0x2c /usr/lib/gcc/arm-none-eabi/10.3.1/../../../arm-none-eabi/lib/thumb/v7e-m/nofp/libc.a(lib_a-init.o)
 .debug_frame   0x0000000000000590       0x34 /usr/lib/gcc/arm-none-eabi/10.3.1/../../../arm-none-eabi/lib/thumb/v7e-m/nofp/libc.a(lib_a-__atexit.o)
 .debug_frame   0x00000000000005c4       0x50 /usr/lib/gcc/arm-none-eabi/10.3.1/../../../arm-none-eabi/lib/thumb/v7e-m/nofp/libc.a(lib_a-__call_atexit.o)

.debug_line_str
                0x0000000000000000       0x40
 .debug_line_str
                0x0000000000000000       0x40 startup_stm32f303cbtx.o

.debug_rnglists
                0x0000000000000000       0x19
 .debug_rnglists
                0x0000000000000000       0x19 startup_stm32f303cbtx.o

.debug_loc      0x0000000000000000      0x43a
 .debug_loc     0x0000000000000000       0x32 /usr/lib/gcc/arm-none-eabi/10.3.1/../../../arm-none-eabi/lib/thumb/v7e-m/nofp/libc.a(lib_a-atexit.o)
 .debug_loc     0x0000000000000032       0x68 /usr/lib/gcc/arm-none-eabi/10.3.1/../../../arm-none-eabi/lib/thumb/v7e-m/nofp/libc.a(lib_a-fini.o)
 .debug_loc     0x000000000000009a       0xba /usr/lib/gcc/arm-none-eabi/10.3.1/../../../arm-none-eabi/lib/thumb/v7e-m/nofp/libc.a(lib_a-init.o)
 .debug_loc     0x0000000000000154      0x138 /usr/lib/gcc/arm-none-eabi/10.3.1/../../../arm-none-eabi/lib/thumb/v7e-m/nofp/libc.a(lib_a-__atexit.o)
 .debug_loc     0x000000000000028c      0x1ae /usr/lib/gcc/arm-none-eabi/10.3.1/../../../arm-none-eabi/lib/thumb/v7e-m/nofp/libc.a(lib_a-__call_atexit.o)
