st7735.c:3:6:ST7735_setPins	0	static
st7735.c:18:6:DATA_mode	0	static
st7735.c:22:6:CMD_mode	0	static
st7735.c:26:6:CS_high	0	static
st7735.c:30:6:CS_low	0	static
st7735.c:34:6:ST7735_reset	8	static
st7735.c:44:6:ST7735_cmd	8	static
st7735.c:50:6:ST7735_data	8	static
st7735.c:56:6:ST7735_init	8	static
st7735.c:80:5:ST7735_FillRect	32	static
st7735.c:120:6:ST7735_SetRegion	24	static
st7735.c:140:5:ST7735_DrawPixel	8	static
st7735.c:155:6:ST7735_DrawChar	48	static
st7735.c:191:6:ST7735_DrawString	40	static
st7735.c:215:6:ST7735_DrawLine	64	static
st7735.c:258:6:bresenhamCircle	64	static
st7735.c:294:6:bresenhamCircleFill	64	static
